Archive member included to satisfy reference by file (symbol)

/usr/lib/x86_64-linux-gnu/libc_nonshared.a(elf-init.oS)
                              /usr/lib/gcc/x86_64-linux-gnu/4.9/../../../x86_64-linux-gnu/crt1.o (__libc_csu_init)

As-needed library included to satisfy reference by file (symbol)

ld-linux-x86-64.so.2          test_per_lcore.o (__tls_get_addr@@GLIBC_2.3)

Allocating common symbols
Common symbol       size              file

count               0x8               test_pmd_perf.o
signatures          0x180000          test_hash_perf.o
test_lsc_interrupt_count
                    0x4               test_link_bonding.o
rings_tx            0x10              test_table.o
h                   0x50              test_hash_perf.o
p                   0x8               test_table.o
positions           0x180000          test_hash_perf.o
tx_burst            0x8               test_pmd_perf.o
table_id            0x10              test_table.o
stop                0x8               test_pmd_perf.o
idle                0x8               test_pmd_perf.o
rings_rx            0x10              test_table.o
prgname             0x8               test.o
start               0x8               test_pmd_perf.o
table_acl_IPv4_rule
                    0x408             test_table_acl.o
tbl_scaling_test_params
                    0x20              test_hash_scaling.o
port_out_id_type    0xc               test_table.o
port_out_id         0x8               test_table.o
port_in_id          0x8               test_table.o
buckets             0x20000           test_hash_perf.o
slot_taken          0x80000           test_hash_perf.o
drop                0x8               test_pmd_perf.o
worker_stats        0x2000            test_distributor.o
line                0x80              test_table_acl.o
keys                0x1800000         test_hash_perf.o
cycles              0x500             test_hash_perf.o
lcore_conf          0x2000            test_pmd_perf.o
do_measure          0x8               test_pmd_perf.o

Discarded input sections

 .note.GNU-stack
                0x0000000000000000        0x0 /usr/lib/gcc/x86_64-linux-gnu/4.9/../../../x86_64-linux-gnu/crt1.o
 .gnu_debuglink
                0x0000000000000000        0xc /usr/lib/gcc/x86_64-linux-gnu/4.9/../../../x86_64-linux-gnu/crt1.o
 .note.GNU-stack
                0x0000000000000000        0x0 /usr/lib/gcc/x86_64-linux-gnu/4.9/../../../x86_64-linux-gnu/crti.o
 .gnu_debuglink
                0x0000000000000000        0xc /usr/lib/gcc/x86_64-linux-gnu/4.9/../../../x86_64-linux-gnu/crti.o
 .note.GNU-stack
                0x0000000000000000        0x0 /usr/lib/gcc/x86_64-linux-gnu/4.9/crtbegin.o
 .note.GNU-stack
                0x0000000000000000        0x0 commands.o
 .note.GNU-stack
                0x0000000000000000        0x0 test.o
 .note.GNU-stack
                0x0000000000000000        0x0 test_pci.o
 .note.GNU-stack
                0x0000000000000000        0x0 test_prefetch.o
 .note.GNU-stack
                0x0000000000000000        0x0 test_byteorder.o
 .note.GNU-stack
                0x0000000000000000        0x0 test_per_lcore.o
 .note.GNU-stack
                0x0000000000000000        0x0 test_atomic.o
 .note.GNU-stack
                0x0000000000000000        0x0 test_malloc.o
 .note.GNU-stack
                0x0000000000000000        0x0 test_cycles.o
 .note.GNU-stack
                0x0000000000000000        0x0 test_spinlock.o
 .note.GNU-stack
                0x0000000000000000        0x0 test_memory.o
 .note.GNU-stack
                0x0000000000000000        0x0 test_memzone.o
 .note.GNU-stack
                0x0000000000000000        0x0 test_ring.o
 .note.GNU-stack
                0x0000000000000000        0x0 test_ring_perf.o
 .note.GNU-stack
                0x0000000000000000        0x0 test_pmd_perf.o
 .note.GNU-stack
                0x0000000000000000        0x0 test_table.o
 .note.GNU-stack
                0x0000000000000000        0x0 test_table_pipeline.o
 .note.GNU-stack
                0x0000000000000000        0x0 test_table_tables.o
 .note.GNU-stack
                0x0000000000000000        0x0 test_table_ports.o
 .note.GNU-stack
                0x0000000000000000        0x0 test_table_combined.o
 .note.GNU-stack
                0x0000000000000000        0x0 test_table_acl.o
 .note.GNU-stack
                0x0000000000000000        0x0 test_rwlock.o
 .note.GNU-stack
                0x0000000000000000        0x0 test_timer.o
 .note.GNU-stack
                0x0000000000000000        0x0 test_timer_perf.o
 .note.GNU-stack
                0x0000000000000000        0x0 test_timer_racecond.o
 .note.GNU-stack
                0x0000000000000000        0x0 test_mempool.o
 .note.GNU-stack
                0x0000000000000000        0x0 test_mempool_perf.o
 .note.GNU-stack
                0x0000000000000000        0x0 test_mbuf.o
 .note.GNU-stack
                0x0000000000000000        0x0 test_logs.o
 .note.GNU-stack
[...]
Memory Configuration

Name             Origin             Length             Attributes
*default*        0x0000000000000000 0xffffffffffffffff

Linker script and memory map

LOAD /usr/lib/gcc/x86_64-linux-gnu/4.9/../../../x86_64-linux-gnu/crt1.o
LOAD /usr/lib/gcc/x86_64-linux-gnu/4.9/../../../x86_64-linux-gnu/crti.o
LOAD /usr/lib/gcc/x86_64-linux-gnu/4.9/crtbegin.o
LOAD commands.o
LOAD test.o
LOAD test_pci.o
LOAD test_prefetch.o
LOAD test_byteorder.o
LOAD test_per_lcore.o
LOAD test_atomic.o
LOAD test_malloc.o
LOAD test_cycles.o
LOAD test_spinlock.o
LOAD test_memory.o
LOAD test_memzone.o
LOAD test_ring.o
LOAD test_ring_perf.o
LOAD test_pmd_perf.o
LOAD test_table.o
LOAD test_table_pipeline.o
LOAD test_table_tables.o
LOAD test_table_ports.o
LOAD test_table_combined.o
LOAD test_table_acl.o
LOAD test_rwlock.o
LOAD test_timer.o
LOAD test_timer_perf.o
LOAD test_timer_racecond.o
LOAD test_mempool.o
LOAD test_mempool_perf.o
LOAD test_mbuf.o
LOAD test_logs.o
LOAD test_memcpy.o
LOAD test_memcpy_perf.o
LOAD test_hash.o
LOAD test_thash.o
LOAD test_hash_perf.o
LOAD test_hash_functions.o
LOAD test_hash_scaling.o
LOAD test_lpm.o
LOAD test_lpm6.o
LOAD test_debug.o
LOAD test_errno.o
LOAD test_tailq.o
LOAD test_string_fns.o
LOAD test_cpuflags.o
LOAD test_mp_secondary.o
LOAD test_eal_flags.o
LOAD test_eal_fs.o
LOAD test_alarm.o
LOAD test_interrupts.o
LOAD test_version.o
LOAD test_func_reentrancy.o
LOAD test_cmdline.o
LOAD test_cmdline_num.o
LOAD test_cmdline_etheraddr.o
LOAD test_cmdline_portlist.o
LOAD test_cmdline_ipaddr.o
LOAD test_cmdline_cirbuf.o
LOAD test_cmdline_string.o
LOAD test_cmdline_lib.o
LOAD test_red.o
LOAD test_sched.o
LOAD test_meter.o
LOAD test_kni.o
LOAD test_power.o
LOAD test_power_acpi_cpufreq.o
LOAD test_power_kvm_vm.o
LOAD test_common.o
LOAD test_distributor.o
LOAD test_distributor_perf.o
LOAD test_reorder.o
LOAD test_devargs.o
LOAD virtual_pmd.o
LOAD packet_burst_generator.o
LOAD test_acl.o
LOAD test_link_bonding.o
LOAD test_link_bonding_mode4.o
LOAD test_link_bonding_rssconf.o
LOAD test_pmd_ring.o
LOAD test_pmd_ring_perf.o
LOAD test_cryptodev_perf.o
LOAD test_cryptodev.o
LOAD test_kvargs.o
LOAD /home/zq/dpdk-2.2.0/x86_64-native-linuxapp-gcc/lib/librte_pmd_null.so
LOAD /home/zq/dpdk-2.2.0/x86_64-native-linuxapp-gcc/lib/librte_pmd_ring.so
LOAD /home/zq/dpdk-2.2.0/x86_64-native-linuxapp-gcc/lib/libdpdk.so
START GROUP
LOAD /usr/lib/gcc/x86_64-linux-gnu/4.9/../../../x86_64-linux-gnu/librt.so
LOAD /usr/lib/gcc/x86_64-linux-gnu/4.9/../../../x86_64-linux-gnu/libm.so
LOAD /usr/lib/gcc/x86_64-linux-gnu/4.9/libgcc_s.so
LOAD /usr/lib/gcc/x86_64-linux-gnu/4.9/../../../x86_64-linux-gnu/libdl.so
END GROUP
LOAD /usr/lib/gcc/x86_64-linux-gnu/4.9/libgcc.a
LOAD /usr/lib/gcc/x86_64-linux-gnu/4.9/libgcc_s.so
LOAD /usr/lib/gcc/x86_64-linux-gnu/4.9/../../../x86_64-linux-gnu/libpthread.so
START GROUP
LOAD /lib/x86_64-linux-gnu/libpthread.so.0
LOAD /usr/lib/x86_64-linux-gnu/libpthread_nonshared.a
END GROUP
LOAD /usr/lib/gcc/x86_64-linux-gnu/4.9/../../../x86_64-linux-gnu/libc.so
START GROUP
LOAD /lib/x86_64-linux-gnu/libc.so.6
LOAD /usr/lib/x86_64-linux-gnu/libc_nonshared.a
LOAD /lib/x86_64-linux-gnu/ld-linux-x86-64.so.2
END GROUP
LOAD /usr/lib/gcc/x86_64-linux-gnu/4.9/libgcc.a
LOAD /usr/lib/gcc/x86_64-linux-gnu/4.9/libgcc_s.so
LOAD /usr/lib/gcc/x86_64-linux-gnu/4.9/crtend.o
LOAD /usr/lib/gcc/x86_64-linux-gnu/4.9/../../../x86_64-linux-gnu/crtn.o
                0x0000000000400000                PROVIDE (__executable_start, 0x400000)
                0x0000000000400270                . = (0x400000 + SIZEOF_HEADERS)

.interp         0x0000000000400270       0x1c
 *(.interp)
 .interp        0x0000000000400270       0x1c /usr/lib/gcc/x86_64-linux-gnu/4.9/../../../x86_64-linux-gnu/crt1.o

.note.ABI-tag   0x000000000040028c       0x20
 .note.ABI-tag  0x000000000040028c       0x20 /usr/lib/gcc/x86_64-linux-gnu/4.9/../../../x86_64-linux-gnu/crt1.o

.note.gnu.build-id
                0x00000000004002ac       0x24
 *(.note.gnu.build-id)
 .note.gnu.build-id
                0x00000000004002ac       0x24 /usr/lib/gcc/x86_64-linux-gnu/4.9/../../../x86_64-linux-gnu/crt1.o

.hash
 *(.hash)

.gnu.hash       0x00000000004002d0      0x778
 *(.gnu.hash)
 .gnu.hash      0x00000000004002d0      0x778 /usr/lib/gcc/x86_64-linux-gnu/4.9/../../../x86_64-linux-gnu/crt1.o

.dynsym         0x0000000000400a48     0x3d20
 *(.dynsym)
 .dynsym        0x0000000000400a48     0x3d20 /usr/lib/gcc/x86_64-linux-gnu/4.9/../../../x86_64-linux-gnu/crt1.o

.dynstr         0x0000000000404768     0x2fb6
 *(.dynstr)
 .dynstr        0x0000000000404768     0x2fb6 /usr/lib/gcc/x86_64-linux-gnu/4.9/../../../x86_64-linux-gnu/crt1.o

.gnu.version    0x000000000040771e      0x518
 *(.gnu.version)
 .gnu.version   0x000000000040771e      0x518 /usr/lib/gcc/x86_64-linux-gnu/4.9/../../../x86_64-linux-gnu/crt1.o

.gnu.version_d  0x0000000000407c38        0x0
 *(.gnu.version_d)
 .gnu.version_d
                0x0000000000000000        0x0 /usr/lib/gcc/x86_64-linux-gnu/4.9/../../../x86_64-linux-gnu/crt1.o

.gnu.version_r  0x0000000000407c38      0x180
 *(.gnu.version_r)
 .gnu.version_r
                0x0000000000407c38      0x180 /usr/lib/gcc/x86_64-linux-gnu/4.9/../../../x86_64-linux-gnu/crt1.o

.rela.dyn       0x0000000000407db8      0x5a0
 *(.rela.init)
 *(.rela.text .rela.text.* .rela.gnu.linkonce.t.*)
 .rela.text     0x0000000000000000        0x0 /usr/lib/gcc/x86_64-linux-gnu/4.9/../../../x86_64-linux-gnu/crt1.o
 *(.rela.fini)
 *(.rela.rodata .rela.rodata.* .rela.gnu.linkonce.r.*)
 *(.rela.data .rela.data.* .rela.gnu.linkonce.d.*)
 .rela.data.rel
                0x0000000000407db8      0x150 /usr/lib/gcc/x86_64-linux-gnu/4.9/../../../x86_64-linux-gnu/crt1.o
 .rela.data     0x0000000000000000        0x0 /usr/lib/gcc/x86_64-linux-gnu/4.9/../../../x86_64-linux-gnu/crt1.o
 *(.rela.tdata .rela.tdata.* .rela.gnu.linkonce.td.*)
 *(.rela.tbss .rela.tbss.* .rela.gnu.linkonce.tb.*)
 *(.rela.ctors)
 *(.rela.dtors)
 *(.rela.got)
 .rela.got      0x0000000000407f08      0x450 /usr/lib/gcc/x86_64-linux-gnu/4.9/../../../x86_64-linux-gnu/crt1.o
 *(.rela.bss .rela.bss.* .rela.gnu.linkonce.b.*)
 .rela.bss      0x0000000000000000        0x0 /usr/lib/gcc/x86_64-linux-gnu/4.9/../../../x86_64-linux-gnu/crt1.o
 *(.rela.ldata .rela.ldata.* .rela.gnu.linkonce.l.*)
 *(.rela.lbss .rela.lbss.* .rela.gnu.linkonce.lb.*)
 *(.rela.lrodata .rela.lrodata.* .rela.gnu.linkonce.lr.*)
 *(.rela.ifunc)

.rela.plt       0x0000000000408358     0x24d8
 *(.rela.plt)
 .rela.plt      0x0000000000408358     0x24d8 /usr/lib/gcc/x86_64-linux-gnu/4.9/../../../x86_64-linux-gnu/crt1.o
                0x000000000040a830                PROVIDE (__rela_iplt_start, .)
 *(.rela.iplt)
 .rela.iplt     0x0000000000000000        0x0 /usr/lib/gcc/x86_64-linux-gnu/4.9/../../../x86_64-linux-gnu/crt1.o
                0x000000000040a830                PROVIDE (__rela_iplt_end, .)

.init           0x000000000040a830       0x1a
 *(SORT(.init))
 .init          0x000000000040a830       0x15 /usr/lib/gcc/x86_64-linux-gnu/4.9/../../../x86_64-linux-gnu/crti.o
                0x000000000040a830                _init
 .init          0x000000000040a845        0x5 /usr/lib/gcc/x86_64-linux-gnu/4.9/../../../x86_64-linux-gnu/crtn.o

.plt            0x000000000040a850     0x18a0
 *(.plt)
 .plt           0x000000000040a850     0x18a0 /usr/lib/gcc/x86_64-linux-gnu/4.9/../../../x86_64-linux-gnu/crt1.o
                0x000000000040a860                rte_malloc@@DPDK_2.0
                0x000000000040a870                vt100_parser@@DPDK_2.0
                0x000000000040a880                getenv@@GLIBC_2.2.5
                0x000000000040a890                rte_eth_promiscuous_disable@@DPDK_2.2
                0x000000000040a8a0                cirbuf_del_head_safe@@DPDK_2.0
                0x000000000040a8b0                rte_reorder_create@@DPDK_2.0
                0x000000000040a8c0                rte_eth_from_ring@@DPDK_2.2
                0x000000000040a8d0                cmdline_get_help_etheraddr@@DPDK_2.0
                0x000000000040a8e0                __snprintf_chk@@GLIBC_2.3.4
                0x000000000040a8f0                free@@GLIBC_2.2.5
                0x000000000040a900                rdline_char_in@@DPDK_2.0
                0x000000000040a910                rte_eth_dev_callback_unregister@@DPDK_2.2
                0x000000000040a920                cmdline_file_new@@DPDK_2.0
                0x000000000040a930                putchar@@GLIBC_2.2.5
                0x000000000040a940                rte_eth_dev_callback_register@@DPDK_2.2
                0x000000000040a950                rte_fbk_hash_free@@DPDK_2.0
                0x000000000040a960                rte_ring_set_water_mark@@DPDK_2.0
                0x000000000040a970                rte_lpm_delete@@DPDK_2.0
                0x000000000040a980                rte_distributor_create@@DPDK_2.0
                0x000000000040a990                cirbuf_del_tail_safe@@DPDK_2.0
                0x000000000040a9a0                __errno_location@@GLIBC_2.2.5
                0x000000000040a9b0                rte_eth_dev_rss_reta_query@@DPDK_2.2
                0x000000000040a9c0                ldexp@@GLIBC_2.2.5
                0x000000000040a9d0                unlink@@GLIBC_2.2.5
                0x000000000040a9e0                remove@@GLIBC_2.2.5
                0x000000000040a9f0                cirbuf_del_tail@@DPDK_2.0
                0x000000000040aa00                strncmp@@GLIBC_2.2.5
                0x000000000040aa10                cmdline_parse_num@@DPDK_2.0
                0x000000000040aa20                rte_pipeline_table_entry_add@@DPDK_2.0
                0x000000000040aa30                rte_cryptodev_socket_id@@DPDK_2.2
                0x000000000040aa40                rte_intr_enable@@DPDK_2.0
                0x000000000040aa50                rte_set_log_level@@DPDK_2.0
                0x000000000040aa60                rte_free@@DPDK_2.0
                0x000000000040aa70                rte_mempool_calc_obj_size@@DPDK_2.0
                0x000000000040aa80                cirbuf_get_tail@@DPDK_2.0
                0x000000000040aa90                rte_hash_hash@@DPDK_2.0
                0x000000000040aaa0                rte_eth_bond_primary_set@@DPDK_2.0
                0x000000000040aab0                rte_lpm_add@@DPDK_2.0
                0x000000000040aac0                rte_mbuf_sanity_check@@DPDK_2.0
                0x000000000040aad0                rte_sched_queue_read_stats@@DPDK_2.0
                0x000000000040aae0                rte_cryptodev_info_get@@DPDK_2.2
                0x000000000040aaf0                puts@@GLIBC_2.2.5
                0x000000000040ab00                rte_acl_reset_rules@@DPDK_2.0
                0x000000000040ab10                rte_set_application_usage_hook@@DPDK_2.0
                0x000000000040ab20                rte_reorder_find_existing@@DPDK_2.0
                0x000000000040ab30                rte_calloc@@DPDK_2.0
                0x000000000040ab40                rte_cryptodev_session_create@@DPDK_2.2
                0x000000000040ab50                cirbuf_add_buf_head@@DPDK_2.0
                0x000000000040ab60                readlink@@GLIBC_2.2.5
                0x000000000040ab70                setenv@@GLIBC_2.2.5
                0x000000000040ab80                write@@GLIBC_2.2.5
                0x000000000040ab90                rte_cryptodev_configure@@DPDK_2.2
                0x000000000040aba0                rte_reorder_reset@@DPDK_2.0
                0x000000000040abb0                rdline_newline@@DPDK_2.0
                0x000000000040abc0                rte_pktmbuf_dump@@DPDK_2.0
                0x000000000040abd0                rte_eth_bond_mac_address_set@@DPDK_2.0
                0x000000000040abe0                rte_eth_promiscuous_get@@DPDK_2.2
                0x000000000040abf0                rte_kni_release@@DPDK_2.0
                0x000000000040ac00                rte_mempool_lookup@@DPDK_2.0
                0x000000000040ac10                rte_pipeline_free@@DPDK_2.0
                0x000000000040ac20                cmdline_complete_get_elt_string@@DPDK_2.0
                0x000000000040ac30                rte_delay_us@@DPDK_2.0
                0x000000000040ac40                fclose@@GLIBC_2.2.5
                0x000000000040ac50                rte_eth_link_get@@DPDK_2.2
                0x000000000040ac60                rte_eal_devargs_add@@DPDK_2.0
                0x000000000040ac70                rte_eal_tailq_register@@DPDK_2.0
                0x000000000040ac80                rte_eth_bond_xmit_policy_get@@DPDK_2.0
                0x000000000040ac90                rte_eal_pci_dump@@DPDK_2.0
                0x000000000040aca0                opendir@@GLIBC_2.2.5
                0x000000000040acb0                rte_eth_dev_socket_id@@DPDK_2.2
                0x000000000040acc0                rte_power_init@@DPDK_2.0
                0x000000000040acd0                rte_sched_subport_read_stats@@DPDK_2.0
                0x000000000040ace0                rte_pipeline_port_in_connect_to_table@@DPDK_2.0
                0x000000000040acf0                rte_lpm6_free@@DPDK_2.0
                0x000000000040ad00                rte_eth_stats_reset@@DPDK_2.2
                0x000000000040ad10                rte_memzone_lookup@@DPDK_2.0
                0x000000000040ad20                rte_distributor_clear_returns@@DPDK_2.0
                0x000000000040ad30                rte_eth_dev_mac_addr_remove@@DPDK_2.2
                0x000000000040ad40                rte_lpm6_delete_bulk_func@@DPDK_2.0
                0x000000000040ad50                rte_intr_callback_register@@DPDK_2.0
                0x000000000040ad60                rte_eal_alarm_set@@DPDK_2.0
                0x000000000040ad70                strlen@@GLIBC_2.2.5
                0x000000000040ad80                rdline_add_history@@DPDK_2.0
                0x000000000040ad90                openat@@GLIBC_2.4
                0x000000000040ada0                rdline_get_history_item@@DPDK_2.0
                0x000000000040adb0                __stack_chk_fail@@GLIBC_2.4
                0x000000000040adc0                cirbuf_get_head@@DPDK_2.0
                0x000000000040add0                rte_eal_init@@DPDK_2.0
                0x000000000040ade0                getuid@@GLIBC_2.2.5
                0x000000000040adf0                rte_power_exit@@DPDK_2.0
                0x000000000040ae00                rte_timer_pending@@DPDK_2.0
                0x000000000040ae10                rte_distributor_process@@DPDK_2.0
                0x000000000040ae20                system@@GLIBC_2.2.5
                0x000000000040ae30                cirbuf_get_buf_tail@@DPDK_2.0
                0x000000000040ae40                cmdline_parse_portlist@@DPDK_2.0
                0x000000000040ae50                rte_hash_del_key@@DPDK_2.0
                0x000000000040ae60                strchr@@GLIBC_2.2.5
                0x000000000040ae70                rte_acl_dump@@DPDK_2.0
                0x000000000040ae80                rdline_init@@DPDK_2.0
                0x000000000040ae90                rte_kni_handle_request@@DPDK_2.0
                0x000000000040aea0                rte_hash_lookup_data@@DPDK_2.1
                0x000000000040aeb0                rte_acl_find_existing@@DPDK_2.0
                0x000000000040aec0                cmdline_quit@@DPDK_2.0
                0x000000000040aed0                rte_eal_get_physmem_size@@DPDK_2.0
                0x000000000040aee0                cmdline_get_help_portlist@@DPDK_2.0
                0x000000000040aef0                rte_acl_build@@DPDK_2.0
                0x000000000040af00                rte_sys_gettid@@DPDK_2.0
                0x000000000040af10                rte_eal_has_hugepages@@DPDK_2.0
                0x000000000040af20                snprintf@@GLIBC_2.2.5
                0x000000000040af30                rte_eth_dev_rss_hash_conf_get@@DPDK_2.2
                0x000000000040af40                rte_cryptodev_start@@DPDK_2.2
                0x000000000040af50                rte_pipeline_table_entry_add_bulk@@DPDK_2.2
                0x000000000040af60                eth_dev_null_create@@DPDK_2.2
                0x000000000040af70                rte_hash_free@@DPDK_2.0
                0x000000000040af80                nanosleep@@GLIBC_2.2.5
                0x000000000040af90                rte_eal_pci_unregister@@DPDK_2.0
                0x000000000040afa0                rdline_stop@@DPDK_2.0
                0x000000000040afb0                cmdline_set_prompt@@DPDK_2.0
                0x000000000040afc0                rdline_redisplay@@DPDK_2.0
                0x000000000040afd0                rte_cryptodev_stats_get@@DPDK_2.2
                0x000000000040afe0                gettimeofday@@GLIBC_2.2.5
                0x000000000040aff0                cirbuf_align_right@@DPDK_2.0
                0x000000000040b000                rte_malloc_set_limit@@DPDK_2.0
                0x000000000040b010                rte_acl_classify_alg@@DPDK_2.0
                0x000000000040b020                rte_hash_add_key_with_hash@@DPDK_2.0
                0x000000000040b030                cmdline_printf@@DPDK_2.0
                0x000000000040b040                cirbuf_del_head@@DPDK_2.0
                0x000000000040b050                rte_hexdump@@DPDK_2.0
                0x000000000040b060                rte_distributor_returned_pkts@@DPDK_2.0
                0x000000000040b070                rte_eth_dev_allocate@@DPDK_2.2
                0x000000000040b080                rte_sched_port_dequeue@@DPDK_2.0
                0x000000000040b090                cmdline_free@@DPDK_2.0
                0x000000000040b0a0                __strtok_r@@GLIBC_2.2.5
                0x000000000040b0b0                cirbuf_add_tail_safe@@DPDK_2.0
                0x000000000040b0c0                rte_pipeline_table_entry_delete@@DPDK_2.0
                0x000000000040b0d0                memset@@GLIBC_2.2.5
                0x000000000040b0e0                rte_kni_get@@DPDK_2.0
                0x000000000040b0f0                rte_eth_dev_close@@DPDK_2.2
                0x000000000040b100                rte_eal_vdev_init@@DPDK_2.0
                0x000000000040b110                rte_pipeline_run@@DPDK_2.0
                0x000000000040b120                pow@@GLIBC_2.2.5
                0x000000000040b130                strnlen@@GLIBC_2.2.5
                0x000000000040b140                log@@GLIBC_2.2.5
                0x000000000040b150                rte_sched_port_enqueue@@DPDK_2.0
                0x000000000040b160                rte_eal_tailq_lookup@@DPDK_2.0
                0x000000000040b170                close@@GLIBC_2.2.5
                0x000000000040b180                rte_distributor_get_pkt@@DPDK_2.0
                0x000000000040b190                pipe@@GLIBC_2.2.5
                0x000000000040b1a0                rte_mempool_create@@DPDK_2.0
                0x000000000040b1b0                rte_exit@@DPDK_2.0
                0x000000000040b1c0                rte_pipeline_flush@@DPDK_2.0
                0x000000000040b1d0                rte_eth_dev_rss_reta_update@@DPDK_2.2
                0x000000000040b1e0                closedir@@GLIBC_2.2.5
                0x000000000040b1f0                rte_zmalloc_socket@@DPDK_2.0
                0x000000000040b200                rte_kvargs_free@@DPDK_2.0
                0x000000000040b210                cirbuf_add_buf_tail@@DPDK_2.0
                0x000000000040b220                rte_pipeline_table_default_entry_add@@DPDK_2.0
                0x000000000040b230                rte_power_unset_env@@DPDK_2.0
                0x000000000040b240                rte_hash_lookup_with_hash_data@@DPDK_2.1
                0x000000000040b250                __strdup@@GLIBC_2.2.5
                0x000000000040b260                rte_ring_list_dump@@DPDK_2.0
                0x000000000040b270                rte_kvargs_parse@@DPDK_2.0
                0x000000000040b280                cmdline_stdin_exit@@DPDK_2.0
                0x000000000040b290                rte_red_config_init@@DPDK_2.0
                0x000000000040b2a0                __libc_start_main@@GLIBC_2.2.5
                0x000000000040b2b0                rte_mempool_list_dump@@DPDK_2.0
                0x000000000040b2c0                memcmp@@GLIBC_2.2.5
                0x000000000040b2d0                fgets@@GLIBC_2.2.5
                0x000000000040b2e0                cmdline_parse_string@@DPDK_2.0
                0x000000000040b2f0                rte_eth_bond_create@@DPDK_2.0
                0x000000000040b300                __tls_get_addr@@GLIBC_2.3
                0x000000000040b310                rte_mempool_count@@DPDK_2.0
                0x000000000040b320                pthread_cond_signal@@GLIBC_2.3.2
                0x000000000040b330                rte_hash_lookup_bulk@@DPDK_2.0
                0x000000000040b340                rte_pipeline_table_entry_delete_bulk@@DPDK_2.2
                0x000000000040b350                strtoull@@GLIBC_2.2.5
                0x000000000040b360                rte_pipeline_table_create@@DPDK_2.0
                0x000000000040b370                rte_eal_pci_register@@DPDK_2.0
                0x000000000040b380                cirbuf_align_left@@DPDK_2.0
                0x000000000040b390                rte_kni_init@@DPDK_2.0
                0x000000000040b3a0                cmdline_in@@DPDK_2.0
                0x000000000040b3b0                rte_cryptodev_session_free@@DPDK_2.2
                0x000000000040b3c0                strcmp@@GLIBC_2.2.5
                0x000000000040b3d0                rte_socket_id@@DPDK_2.0
                0x000000000040b3e0                cirbuf_add_tail@@DPDK_2.0
                0x000000000040b3f0                rte_malloc_validate@@DPDK_2.0
                0x000000000040b400                cmdline_write_char@@DPDK_2.0
                0x000000000040b410                signal@@GLIBC_2.2.5
                0x000000000040b420                rte_power_set_env@@DPDK_2.0
                0x000000000040b430                dirfd@@GLIBC_2.2.5
                0x000000000040b440                rte_sched_port_pkt_read_tree_path@@DPDK_2.1
                0x000000000040b450                rte_intr_callback_unregister@@DPDK_2.0
                0x000000000040b460                __memcpy_chk@@GLIBC_2.3.4
                0x000000000040b470                vt100_init@@DPDK_2.0
                0x000000000040b480                rte_intr_disable@@DPDK_2.0
                0x000000000040b490                rte_memzone_reserve_bounded@@DPDK_2.0
                0x000000000040b4a0                rte_eth_bond_slave_remove@@DPDK_2.0
                0x000000000040b4b0                rte_lpm6_create@@DPDK_2.0
                0x000000000040b4d0                rte_distributor_flush@@DPDK_2.0
                0x000000000040b4e0                rte_sched_port_free@@DPDK_2.0
                0x000000000040b4f0                rte_eal_process_type@@DPDK_2.0
                0x000000000040b500                rte_eth_bond_primary_get@@DPDK_2.0
                0x000000000040b510                rte_memzone_reserve_aligned@@DPDK_2.0
                0x000000000040b520                rte_eth_bond_8023ad_setup@@DPDK_2.0
                0x000000000040b530                rte_sched_port_pkt_read_color@@DPDK_2.1
                0x000000000040b540                rte_memzone_reserve@@DPDK_2.0
                0x000000000040b550                rte_kni_tx_burst@@DPDK_2.0
                0x000000000040b560                memcpy@@GLIBC_2.14
                0x000000000040b570                rte_mempool_xmem_size@@DPDK_2.0
                0x000000000040b580                cirbuf_del_buf_head@@DPDK_2.0
                0x000000000040b590                rte_kni_register_handlers@@DPDK_2.0
                0x000000000040b5a0                cmdline_interact@@DPDK_2.0
                0x000000000040b5b0                rte_lpm_free@@DPDK_2.0
                0x000000000040b5c0                rte_sched_subport_config@@DPDK_2.0
                0x000000000040b5d0                rte_memzone_dump@@DPDK_2.0
                0x000000000040b5e0                rte_eth_dev_info_get@@DPDK_2.2
                0x000000000040b5f0                rdline_restart@@DPDK_2.0
                0x000000000040b600                __xpg_basename@@GLIBC_2.2.5
                0x000000000040b610                rte_timer_reset_sync@@DPDK_2.0
                0x000000000040b620                rte_hash_del_key_with_hash@@DPDK_2.0
                0x000000000040b630                cmdline_complete_get_nb_string@@DPDK_2.0
                0x000000000040b640                rte_set_log_type@@DPDK_2.0
                0x000000000040b650                rte_cryptodev_stats_reset@@DPDK_2.2
                0x000000000040b660                readdir@@GLIBC_2.2.5
                0x000000000040b670                rte_eth_dev_set_link_down@@DPDK_2.2
                0x000000000040b680                _rte_eth_dev_callback_process@@DPDK_2.2
                0x000000000040b690                rte_eth_bond_slave_add@@DPDK_2.0
                0x000000000040b6a0                pthread_mutex_unlock@@GLIBC_2.2.5
                0x000000000040b6b0                rte_eth_bond_slaves_get@@DPDK_2.0
                0x000000000040b6c0                rte_kvargs_process@@DPDK_2.0
                0x000000000040b6d0                rte_malloc_dump_stats@@DPDK_2.0
                0x000000000040b6e0                rte_ring_lookup@@DPDK_2.0
                0x000000000040b6f0                malloc@@GLIBC_2.2.5
                0x000000000040b700                fflush@@GLIBC_2.2.5
                0x000000000040b710                rte_hash_reset@@DPDK_2.1
                0x000000000040b720                rte_eal_mp_remote_launch@@DPDK_2.0
                0x000000000040b730                rte_pipeline_create@@DPDK_2.0
                0x000000000040b740                rte_timer_stop_sync@@DPDK_2.0
                0x000000000040b750                rte_acl_classify@@DPDK_2.0
                0x000000000040b760                rte_lpm_create@@DPDK_2.0
                0x000000000040b770                rte_eth_link_get_nowait@@DPDK_2.2
                0x000000000040b780                rte_eth_bond_mode_get@@DPDK_2.0
                0x000000000040b790                rte_eal_get_lcore_state@@DPDK_2.0
                0x000000000040b7a0                rte_timer_manage@@DPDK_2.0
                0x000000000040b7b0                rte_eth_bond_xmit_policy_set@@DPDK_2.0
                0x000000000040b7c0                rte_acl_free@@DPDK_2.0
                0x000000000040b7d0                rte_lpm6_lookup@@DPDK_2.0
                0x000000000040b7e0                clock_gettime@@GLIBC_2.2.5
                0x000000000040b7f0                rte_hash_lookup_with_hash@@DPDK_2.0
                0x000000000040b800                rte_eth_dev_rss_hash_update@@DPDK_2.2
                0x000000000040b810                rte_distributor_return_pkt@@DPDK_2.0
                0x000000000040b820                lrand48@@GLIBC_2.2.5
                0x000000000040b830                mkstemp@@GLIBC_2.2.5
                0x000000000040b840                rte_pipeline_port_in_enable@@DPDK_2.0
                0x000000000040b850                rte_reorder_init@@DPDK_2.0
                0x000000000040b860                rdline_quit@@DPDK_2.0
                0x000000000040b870                rte_sched_pipe_config@@DPDK_2.0
                0x000000000040b880                rte_fbk_hash_create@@DPDK_2.0
                0x000000000040b890                rte_pktmbuf_offload_pool_create@@DPDK_2.2
                0x000000000040b8a0                rte_lpm6_lookup_bulk_func@@DPDK_2.0
                0x000000000040b8b0                cmdline_stdin_new@@DPDK_2.0
                0x000000000040b8c0                rte_pipeline_check@@DPDK_2.0
                0x000000000040b8d0                rte_cryptodev_count@@DPDK_2.2
                0x000000000040b8e0                rte_acl_add_rules@@DPDK_2.0
                0x000000000040b8f0                rte_eth_bond_mode_set@@DPDK_2.0
                0x000000000040b900                rte_eth_dev_start@@DPDK_2.2
                0x000000000040b910                rte_malloc_get_socket_stats@@DPDK_2.0
                0x000000000040b920                eal_parse_sysfs_value@@DPDK_2.0
                0x000000000040b930                rte_mem_virt2phy@@DPDK_2.0
                0x000000000040b940                rdline_get_buffer@@DPDK_2.0
                0x000000000040b950                rte_malloc_socket@@DPDK_2.0
                0x000000000040b960                srand48@@GLIBC_2.2.5
                0x000000000040b970                rte_red_rt_data_init@@DPDK_2.0
                0x000000000040b980                rte_eth_rx_queue_setup@@DPDK_2.2
                0x000000000040b990                rte_eth_stats_get@@DPDK_2.2
                0x000000000040b9a0                rte_lpm6_add@@DPDK_2.0
                0x000000000040b9b0                rte_sched_port_pkt_write@@DPDK_2.1
                0x000000000040b9c0                __rte_panic@@DPDK_2.0
                0x000000000040b9d0                __printf_chk@@GLIBC_2.3.4
                0x000000000040b9e0                rte_dump_stack@@DPDK_2.0
                0x000000000040b9f0                rte_lpm_delete_all@@DPDK_2.0
                0x000000000040ba00                rte_hash_add_key@@DPDK_2.0
                0x000000000040ba10                rte_kni_unregister_handlers@@DPDK_2.0
                0x000000000040ba20                rte_get_tsc_hz@@DPDK_2.0
                0x000000000040ba30                cirbuf_add_head_safe@@DPDK_2.0
                0x000000000040ba40                rte_hash_create@@DPDK_2.0
                0x000000000040ba50                rte_timer_dump_stats@@DPDK_2.0
                0x000000000040ba60                rte_hash_add_key_data@@DPDK_2.1
                0x000000000040ba70                rte_eal_devargs_dump@@DPDK_2.0
                0x000000000040ba80                cmdline_new@@DPDK_2.0
                0x000000000040ba90                rte_sched_port_config@@DPDK_2.0
                0x000000000040baa0                rte_eal_wait_lcore@@DPDK_2.0
                0x000000000040bab0                rte_cryptodev_stop@@DPDK_2.2
                0x000000000040bac0                rte_timer_reset@@DPDK_2.0
                0x000000000040bad0                rte_reorder_drain@@DPDK_2.0
                0x000000000040bae0                cirbuf_del_buf_tail@@DPDK_2.0
                0x000000000040baf0                rte_reorder_free@@DPDK_2.0
                0x000000000040bb00                rte_acl_list_dump@@DPDK_2.0
                0x000000000040bb10                pthread_cond_timedwait@@GLIBC_2.3.2
                0x000000000040bb20                cmdline_get_help_num@@DPDK_2.0
                0x000000000040bb30                cmdline_parse@@DPDK_2.0
                0x000000000040bb40                rte_memzone_free@@DPDK_2.1
                0x000000000040bb50                rdline_reset@@DPDK_2.0
                0x000000000040bb60                rte_power_get_env@@DPDK_2.0
                0x000000000040bb70                rte_realloc@@DPDK_2.0
                0x000000000040bb80                rte_mempool_dump@@DPDK_2.0
                0x000000000040bb90                access@@GLIBC_2.2.5
                0x000000000040bba0                cmdline_get_help_ipaddr@@DPDK_2.0
                0x000000000040bbb0                rte_eth_promiscuous_enable@@DPDK_2.2
                0x000000000040bbc0                rte_lpm_find_existing@@DPDK_2.0
                0x000000000040bbd0                fopen@@GLIBC_2.2.5
                0x000000000040bbe0                cmdline_parse_etheraddr@@DPDK_2.0
                0x000000000040bbf0                rte_timer_subsystem_init@@DPDK_2.0
                0x000000000040bc00                perror@@GLIBC_2.2.5
                0x000000000040bc10                rte_zmalloc@@DPDK_2.0
                0x000000000040bc20                rte_hash_lookup@@DPDK_2.0
                0x000000000040bc30                cmdline_parse_ipaddr@@DPDK_2.0
                0x000000000040bc40                rte_eth_dev_count@@DPDK_2.2
                0x000000000040bc50                rte_pipeline_port_in_create@@DPDK_2.0
                0x000000000040bc60                rte_log_dump_history@@DPDK_2.0
                0x000000000040bc70                strtoul@@GLIBC_2.2.5
                0x000000000040bc80                rte_calloc_socket@@DPDK_2.0
                0x000000000040bc90                flock@@GLIBC_2.2.5
                0x000000000040bca0                rte_hash_lookup_bulk_data@@DPDK_2.1
                0x000000000040bcb0                cirbuf_get_buf_head@@DPDK_2.0
                0x000000000040bcc0                rte_strerror@@DPDK_2.0
                0x000000000040bcd0                rte_dump_registers@@DPDK_2.0
                0x000000000040bce0                rte_eal_get_configuration@@DPDK_2.0
                0x000000000040bcf0                rte_eal_remote_launch@@DPDK_2.0
                0x000000000040bd00                rte_meter_srtcm_config@@DPDK_2.0
                0x000000000040bd10                rte_eal_mp_wait_lcore@@DPDK_2.0
                0x000000000040bd20                rte_hash_add_key_with_hash_data@@DPDK_2.1
                0x000000000040bd30                rte_eth_tx_queue_setup@@DPDK_2.2
                0x000000000040bd40                rte_lpm6_delete@@DPDK_2.0
                0x000000000040bd50                cirbuf_add_head@@DPDK_2.0
                0x000000000040bd60                rte_eal_lcore_role@@DPDK_2.0
                0x000000000040bd70                exit@@GLIBC_2.2.5
                0x000000000040bd80                rte_acl_reset@@DPDK_2.0
                0x000000000040bd90                fwrite@@GLIBC_2.2.5
                0x000000000040bda0                rte_lpm6_delete_all@@DPDK_2.0
                0x000000000040bdb0                __fprintf_chk@@GLIBC_2.3.4
                0x000000000040bdc0                rte_timer_init@@DPDK_2.0
                0x000000000040bdd0                rte_pipeline_port_out_create@@DPDK_2.0
                0x000000000040bde0                cirbuf_init@@DPDK_2.0
                0x000000000040bdf0                rte_timer_stop@@DPDK_2.0
                0x000000000040be00                rte_meter_trtcm_config@@DPDK_2.0
                0x000000000040be10                rte_eth_bond_8023ad_conf_get@@DPDK_2.0
                0x000000000040be20                rte_eth_dev_stop@@DPDK_2.2
                0x000000000040be30                rte_ring_create@@DPDK_2.0
                0x000000000040be40                rte_acl_create@@DPDK_2.0
                0x000000000040be50                rte_lpm6_find_existing@@DPDK_2.0
                0x000000000040be60                rte_kni_rx_burst@@DPDK_2.0
                0x000000000040be70                cmdline_complete@@DPDK_2.0
                0x000000000040be80                rte_mempool_xmem_usage@@DPDK_2.0
                0x000000000040be90                rte_eal_devargs_type_count@@DPDK_2.0
                0x000000000040bea0                rte_kvargs_count@@DPDK_2.0
                0x000000000040beb0                rte_ring_dump@@DPDK_2.0
                0x000000000040bec0                rte_eth_dev_configure@@DPDK_2.2
                0x000000000040bed0                rte_fbk_hash_find_existing@@DPDK_2.0
                0x000000000040bee0                strerror@@GLIBC_2.2.5
                0x000000000040bef0                rte_kni_alloc@@DPDK_2.0
                0x000000000040bf00                rte_eal_get_physmem_layout@@DPDK_2.0
                0x000000000040bf10                cmdline_get_help_string@@DPDK_2.0
                0x000000000040bf20                ceil@@GLIBC_2.2.5
                0x000000000040bf30                rte_eal_pci_probe@@DPDK_2.0
                0x000000000040bf40                rte_cryptodev_queue_pair_setup@@DPDK_2.2
                0x000000000040bf50                sleep@@GLIBC_2.2.5
                0x000000000040bf60                rte_cryptodev_count_devtype@@DPDK_2.2
                0x000000000040bf70                rte_strsplit@@DPDK_2.0
                0x000000000040bf80                rte_eth_bond_mac_address_reset@@DPDK_2.0
                0x000000000040bf90                rte_dump_physmem_layout@@DPDK_2.0
                0x000000000040bfa0                rte_reorder_insert@@DPDK_2.0
                0x000000000040bfb0                rte_memdump@@DPDK_2.0
                0x000000000040bfc0                wait@@GLIBC_2.2.5
                0x000000000040bfd0                rte_log@@DPDK_2.0
                0x000000000040bfe0                rte_eth_bond_active_slaves_get@@DPDK_2.0
                0x000000000040bff0                execv@@GLIBC_2.2.5
                0x000000000040c000                rte_eal_alarm_cancel@@DPDK_2.0
                0x000000000040c010                fork@@GLIBC_2.2.5
                0x000000000040c020                rdline_clear_history@@DPDK_2.0
                0x000000000040c030                getdtablesize@@GLIBC_2.2.5
                0x000000000040c040                pthread_mutex_lock@@GLIBC_2.2.5
                0x000000000040c050                rte_eth_from_rings@@DPDK_2.0
                0x000000000040c060                rte_eth_macaddr_get@@DPDK_2.2
                0x000000000040c070                rand@@GLIBC_2.2.5
                0x000000000040c080                __ctype_b_loc@@GLIBC_2.3
                0x000000000040c090                usleep@@GLIBC_2.2.5
                0x000000000040c0a0                rte_hash_iterate@@DPDK_2.1
                0x000000000040c0b0                rte_pktmbuf_pool_create@@DPDK_2.1
                0x000000000040c0c0                __sprintf_chk@@GLIBC_2.3.4
                0x000000000040c0d0                rte_eth_dev_mac_addr_add@@DPDK_2.2
                0x000000000040c0e0                rte_hash_find_existing@@DPDK_2.0
 *(.iplt)
 .iplt          0x0000000000000000        0x0 /usr/lib/gcc/x86_64-linux-gnu/4.9/../../../x86_64-linux-gnu/crt1.o

.text           0x000000000040c0f0    0xdc6e2
 *(.text.unlikely .text.*_unlikely .text.unlikely.*)
 .text.unlikely
                0x000000000040c0f0        0x0 /usr/lib/gcc/x86_64-linux-gnu/4.9/crtbegin.o
 .text.unlikely
                0x000000000040c0f0        0x0 commands.o
 .text.unlikely
                0x000000000040c0f0        0x0 test.o
 .text.unlikely
                0x000000000040c0f0        0x0 test_pci.o
 .text.unlikely
                0x000000000040c0f0        0x0 test_prefetch.o
 .text.unlikely
                0x000000000040c0f0        0x0 test_byteorder.o
 .text.unlikely
                0x000000000040c0f0        0x0 test_per_lcore.o
 .text.unlikely
                0x000000000040c0f0        0x0 test_atomic.o
 .text.unlikely
                0x000000000040c0f0        0x0 test_malloc.o
 .text.unlikely
                0x000000000040c0f0       0x1d test_cycles.o
 .text.unlikely
                0x000000000040c10d        0x0 test_spinlock.o
 .text.unlikely
                0x000000000040c10d        0x0 test_memory.o
 .text.unlikely
                0x000000000040c10d        0x0 test_memzone.o
 .text.unlikely
                0x000000000040c10d        0x0 test_ring.o
 .text.unlikely
                0x000000000040c10d        0x0 test_ring_perf.o
 .text.unlikely
                0x000000000040c10d        0x0 test_pmd_perf.o
 .text.unlikely
                0x000000000040c10d        0x0 test_table.o
 .text.unlikely
                0x000000000040c10d        0x0 test_table_pipeline.o
 .text.unlikely
                0x000000000040c10d        0x0 test_table_tables.o
 .text.unlikely
                0x000000000040c10d        0x0 test_table_ports.o
 .text.unlikely
                0x000000000040c10d        0x0 test_table_combined.o
 .text.unlikely
                0x000000000040c10d        0x0 test_table_acl.o
 .text.unlikely
                0x000000000040c10d        0x0 test_rwlock.o
 .text.unlikely
                0x000000000040c10d       0x3a test_timer.o
 .text.unlikely
                0x000000000040c147       0x1d test_timer_perf.o
 .text.unlikely
                0x000000000040c164       0x1d test_timer_racecond.o
 .text.unlikely
                0x000000000040c181       0x1d test_mempool.o
 .text.unlikely
                0x000000000040c19e        0x0 test_mempool_perf.o
 .text.unlikely
                0x000000000040c19e        0x0 test_mbuf.o
 .text.unlikely
                0x000000000040c19e        0x0 test_logs.o
 .text.unlikely
                0x000000000040c19e        0x0 test_memcpy.o
 .text.unlikely
                0x000000000040c19e        0x0 test_memcpy_perf.o
 .text.unlikely
                0x000000000040c19e      0x13a test_hash.o
 .text.unlikely
                0x000000000040c2d8        0x0 test_thash.o
 .text.unlikely
                0x000000000040c2d8        0x0 test_hash_perf.o
 .text.unlikely
                0x000000000040c2d8        0x0 test_hash_functions.o
 .text.unlikely
                0x000000000040c2d8        0x0 test_hash_scaling.o
 .text.unlikely
                0x000000000040c2d8        0x0 test_lpm.o
 .text.unlikely
                0x000000000040c2d8        0x0 test_lpm6.o
 .text.unlikely
                0x000000000040c2d8        0x0 test_debug.o
 .text.unlikely
                0x000000000040c2d8        0x0 test_errno.o
 .text.unlikely
                0x000000000040c2d8        0x0 test_tailq.o
 .text.unlikely
                0x000000000040c2d8        0x0 test_string_fns.o
 .text.unlikely
                0x000000000040c2d8        0x0 test_cpuflags.o
 .text.unlikely
                0x000000000040c2d8       0x1d test_mp_secondary.o
 .text.unlikely
                0x000000000040c2f5       0x1d test_eal_flags.o
 .text.unlikely
                0x000000000040c312        0x0 test_eal_fs.o
 .text.unlikely
                0x000000000040c312        0x0 test_alarm.o
 .text.unlikely
                0x000000000040c312        0x0 test_interrupts.o
 .text.unlikely
                0x000000000040c312        0x0 test_version.o
 .text.unlikely
                0x000000000040c312        0x0 test_func_reentrancy.o
 .text.unlikely
                0x000000000040c312        0x0 test_cmdline.o
 .text.unlikely
                0x000000000040c312        0x0 test_cmdline_num.o
 .text.unlikely
                0x000000000040c312        0x0 test_cmdline_etheraddr.o
 .text.unlikely
                0x000000000040c312        0x0 test_cmdline_portlist.o
 .text.unlikely
                0x000000000040c312        0x0 test_cmdline_ipaddr.o
 .text.unlikely
                0x000000000040c312        0x0 test_cmdline_cirbuf.o
 .text.unlikely
                0x000000000040c312        0x0 test_cmdline_string.o
 .text.unlikely
                0x000000000040c312        0x0 test_cmdline_lib.o
 .text.unlikely
                0x000000000040c312        0x0 test_red.o
 .text.unlikely
                0x000000000040c312        0x0 test_sched.o
 .text.unlikely
                0x000000000040c312        0x0 test_meter.o
 .text.unlikely
                0x000000000040c312        0x0 test_kni.o
 .text.unlikely
                0x000000000040c312        0x0 test_power.o
 .text.unlikely
                0x000000000040c312        0x0 test_power_acpi_cpufreq.o
 .text.unlikely
                0x000000000040c312        0x0 test_power_kvm_vm.o
 .text.unlikely
                0x000000000040c312        0x0 test_common.o
 .text.unlikely
                0x000000000040c312        0x0 test_distributor.o
 .text.unlikely
                0x000000000040c312        0x0 test_distributor_perf.o
 .text.unlikely
                0x000000000040c312        0x0 test_reorder.o
 .text.unlikely
                0x000000000040c312        0x0 test_devargs.o
 .text.unlikely
                0x000000000040c312        0x0 virtual_pmd.o
 .text.unlikely
                0x000000000040c312        0x0 packet_burst_generator.o
 .text.unlikely
                0x000000000040c312        0x0 test_acl.o
 .text.unlikely
                0x000000000040c312        0x0 test_link_bonding.o
 .text.unlikely
                0x000000000040c312        0x0 test_link_bonding_mode4.o
 .text.unlikely
                0x000000000040c312        0x0 test_link_bonding_rssconf.o
 .text.unlikely
                0x000000000040c312        0x0 test_pmd_ring.o
 .text.unlikely
                0x000000000040c312        0x0 test_pmd_ring_perf.o
 .text.unlikely
                0x000000000040c312        0x0 test_cryptodev_perf.o
 .text.unlikely
                0x000000000040c312        0x0 test_cryptodev.o
 .text.unlikely
                0x000000000040c312        0x0 test_kvargs.o
 *(.text.exit .text.exit.*)
 *(.text.startup .text.startup.*)
 *fill*         0x000000000040c312        0xe 
 .text.startup  0x000000000040c320      0x269 test.o
                0x000000000040c320                main
 *fill*         0x000000000040c589        0x7 
 .text.startup  0x000000000040c590        0xc test_pci.o
 *fill*         0x000000000040c59c        0x4 
 .text.startup  0x000000000040c5a0        0xc test_prefetch.o
 *fill*         0x000000000040c5ac        0x4 
 .text.startup  0x000000000040c5b0        0xc test_byteorder.o
 *fill*         0x000000000040c5bc        0x4 
 .text.startup  0x000000000040c5c0        0xc test_per_lcore.o
 *fill*         0x000000000040c5cc        0x4 
 .text.startup  0x000000000040c5d0        0xc test_atomic.o
 *fill*         0x000000000040c5dc        0x4 
 .text.startup  0x000000000040c5e0        0xc test_malloc.o
 *fill*         0x000000000040c5ec        0x4 
 .text.startup  0x000000000040c5f0        0xc test_cycles.o
 *fill*         0x000000000040c5fc        0x4 
 .text.startup  0x000000000040c600       0x3c test_spinlock.o
 *fill*         0x000000000040c63c        0x4 
 .text.startup  0x000000000040c640        0xc test_memory.o
 *fill*         0x000000000040c64c        0x4 
 .text.startup  0x000000000040c650       0x3c test_memzone.o
 *fill*         0x000000000040c68c        0x4 
 .text.startup  0x000000000040c690        0xc test_ring.o
 *fill*         0x000000000040c69c        0x4 
 .text.startup  0x000000000040c6a0        0xc test_ring_perf.o
 *fill*         0x000000000040c6ac        0x4 
 .text.startup  0x000000000040c6b0        0xc test_pmd_perf.o
 *fill*         0x000000000040c6bc        0x4 
 .text.startup  0x000000000040c6c0       0x3c test_table.o
 *fill*         0x000000000040c6fc        0x4 
 .text.startup  0x000000000040c700       0x30 test_table_pipeline.o
 .text.startup  0x000000000040c730       0x30 test_table_tables.o
 .text.startup  0x000000000040c760       0x30 test_table_ports.o
 .text.startup  0x000000000040c790       0x30 test_table_combined.o
 .text.startup  0x000000000040c7c0       0x30 test_table_acl.o
 .text.startup  0x000000000040c7f0       0x3c test_rwlock.o
 *fill*         0x000000000040c82c        0x4 
 .text.startup  0x000000000040c830        0xc test_timer.o
 *fill*         0x000000000040c83c        0x4 
 .text.startup  0x000000000040c840        0xc test_timer_perf.o
 *fill*         0x000000000040c84c        0x4 
 .text.startup  0x000000000040c850        0xc test_timer_racecond.o
 *fill*         0x000000000040c85c        0x4 
 .text.startup  0x000000000040c860       0x3c test_mempool.o
 *fill*         0x000000000040c89c        0x4 
 .text.startup  0x000000000040c8a0       0x3c test_mempool_perf.o
 *fill*         0x000000000040c8dc        0x4 
 .text.startup  0x000000000040c8e0        0xc test_mbuf.o
 *fill*         0x000000000040c8ec        0x4 
 .text.startup  0x000000000040c8f0        0xc test_logs.o
 *fill*         0x000000000040c8fc        0x4 
 .text.startup  0x000000000040c900        0xc test_memcpy.o
 *fill*         0x000000000040c90c        0x4 
 .text.startup  0x000000000040c910        0xc test_memcpy_perf.o
 *fill*         0x000000000040c91c        0x4 
 .text.startup  0x000000000040c920       0x8c test_hash.o
 *fill*         0x000000000040c9ac        0x4 
 .text.startup  0x000000000040c9b0        0xc test_thash.o
 *fill*         0x000000000040c9bc        0x4 
 .text.startup  0x000000000040c9c0       0xcc test_hash_perf.o
 *fill*         0x000000000040ca8c        0x4 
 .text.startup  0x000000000040ca90       0xcc test_hash_functions.o
 *fill*         0x000000000040cb5c        0x4 
 .text.startup  0x000000000040cb60       0xec test_hash_scaling.o
 *fill*         0x000000000040cc4c        0x4 
 .text.startup  0x000000000040cc50        0xc test_lpm.o
 *fill*         0x000000000040cc5c        0x4 
 .text.startup  0x000000000040cc60        0xc test_lpm6.o
 *fill*         0x000000000040cc6c        0x4 
 .text.startup  0x000000000040cc70        0xc test_debug.o
 *fill*         0x000000000040cc7c        0x4 
 .text.startup  0x000000000040cc80        0xc test_errno.o
 *fill*         0x000000000040cc8c        0x4 
 .text.startup  0x000000000040cc90       0x7c test_tailq.o
                0x000000000040ccc0                tailqinitfn_rte_dummy_tailq
 *fill*         0x000000000040cd0c        0x4 
 .text.startup  0x000000000040cd10        0xc test_string_fns.o
 *fill*         0x000000000040cd1c        0x4 
 .text.startup  0x000000000040cd20        0xc test_cpuflags.o
 *fill*         0x000000000040cd2c        0x4 
 .text.startup  0x000000000040cd30       0xcc test_mp_secondary.o
 *fill*         0x000000000040cdfc        0x4 
 .text.startup  0x000000000040ce00        0xc test_eal_flags.o
 *fill*         0x000000000040ce0c        0x4 
 .text.startup  0x000000000040ce10        0xc test_eal_fs.o
 *fill*         0x000000000040ce1c        0x4 
 .text.startup  0x000000000040ce20        0xc test_alarm.o
 *fill*         0x000000000040ce2c        0x4 
 .text.startup  0x000000000040ce30        0xc test_interrupts.o
 *fill*         0x000000000040ce3c        0x4 
 .text.startup  0x000000000040ce40        0xc test_version.o
 *fill*         0x000000000040ce4c        0x4 
 .text.startup  0x000000000040ce50       0xec test_func_reentrancy.o
 *fill*         0x000000000040cf3c        0x4 
 .text.startup  0x000000000040cf40        0xc test_cmdline.o
 *fill*         0x000000000040cf4c        0x4 
 .text.startup  0x000000000040cf50        0xc test_red.o
 *fill*         0x000000000040cf5c        0x4 
 .text.startup  0x000000000040cf60        0xc test_sched.o
 *fill*         0x000000000040cf6c        0x4 
 .text.startup  0x000000000040cf70        0xc test_meter.o
 *fill*         0x000000000040cf7c        0x4 
 .text.startup  0x000000000040cf80        0xc test_kni.o
 *fill*         0x000000000040cf8c        0x4 
 .text.startup  0x000000000040cf90        0xc test_power.o
 *fill*         0x000000000040cf9c        0x4 
 .text.startup  0x000000000040cfa0        0xc test_power_acpi_cpufreq.o
 *fill*         0x000000000040cfac        0x4 
 .text.startup  0x000000000040cfb0        0xc test_power_kvm_vm.o
 *fill*         0x000000000040cfbc        0x4 
 .text.startup  0x000000000040cfc0        0xc test_common.o
 *fill*         0x000000000040cfcc        0x4 
 .text.startup  0x000000000040cfd0        0xc test_distributor.o
 *fill*         0x000000000040cfdc        0x4 
 .text.startup  0x000000000040cfe0        0xc test_distributor_perf.o
 *fill*         0x000000000040cfec        0x4 
 .text.startup  0x000000000040cff0        0xc test_reorder.o
 *fill*         0x000000000040cffc        0x4 
 .text.startup  0x000000000040d000        0xc test_devargs.o
 *fill*         0x000000000040d00c        0x4 
 .text.startup  0x000000000040d010       0x3c test_acl.o
 *fill*         0x000000000040d04c        0x4 
 .text.startup  0x000000000040d050        0xc test_link_bonding.o
 *fill*         0x000000000040d05c        0x4 
 .text.startup  0x000000000040d060        0xc test_link_bonding_mode4.o
 *fill*         0x000000000040d06c        0x4 
 .text.startup  0x000000000040d070        0xc test_link_bonding_rssconf.o
 *fill*         0x000000000040d07c        0x4 
 .text.startup  0x000000000040d080        0xc test_pmd_ring.o
 *fill*         0x000000000040d08c        0x4 
 .text.startup  0x000000000040d090        0xc test_pmd_ring_perf.o
 *fill*         0x000000000040d09c        0x4 
 .text.startup  0x000000000040d0a0       0x1c test_cryptodev_perf.o
 *fill*         0x000000000040d0bc        0x4 
 .text.startup  0x000000000040d0c0       0x1c test_cryptodev.o
 *fill*         0x000000000040d0dc        0x4 
 .text.startup  0x000000000040d0e0        0xc test_kvargs.o
 *(.text.hot .text.hot.*)
 *(.text .stub .text.* .gnu.linkonce.t.*)
 .text          0x000000000040d0ec       0x2a /usr/lib/gcc/x86_64-linux-gnu/4.9/../../../x86_64-linux-gnu/crt1.o
                0x000000000040d0ec                _start
 .text          0x000000000040d116        0x0 /usr/lib/gcc/x86_64-linux-gnu/4.9/../../../x86_64-linux-gnu/crti.o
 *fill*         0x000000000040d116        0xa 
 .text          0x000000000040d120       0xc6 /usr/lib/gcc/x86_64-linux-gnu/4.9/crtbegin.o
 *fill*         0x000000000040d1e6        0xa 
 .text          0x000000000040d1f0      0x470 commands.o
                0x000000000040d590                add_test_command
                0x000000000040d5b0                commands_init
 .text          0x000000000040d660      0x2ae test.o
                0x000000000040d670                unit_test_suite_runner
 *fill*         0x000000000040d90e        0x2 
 .text          0x000000000040d910      0x323 test_pci.o
                0x000000000040d980                test_pci
 *fill*         0x000000000040dc33        0xd 
 .text          0x000000000040dc40       0x12 test_prefetch.o
 *fill*         0x000000000040dc52        0xe 
 .text          0x000000000040dc60      0x10c test_byteorder.o
 *fill*         0x000000000040dd6c        0x4 
 .text          0x000000000040dd70      0x2d3 test_per_lcore.o
 *fill*         0x000000000040e043        0xd 
 .text          0x000000000040e050      0x6d3 test_atomic.o
 *fill*         0x000000000040e723        0xd 
 .text          0x000000000040e730     0x1791 test_malloc.o
 *fill*         0x000000000040fec1        0xf 
 .text          0x000000000040fed0      0x1de test_cycles.o
 *fill*         0x00000000004100ae        0x2 
 .text          0x00000000004100b0      0xdda test_spinlock.o
 *fill*         0x0000000000410e8a        0x6 
 .text          0x0000000000410e90       0x87 test_memory.o
 *fill*         0x0000000000410f17        0x9 
 .text          0x0000000000410f20     0x13c7 test_memzone.o
 *fill*         0x00000000004122e7        0x9 
 .text          0x00000000004122f0     0x8e52 test_ring.o
 *fill*         0x000000000041b142        0xe 
 .text          0x000000000041b150     0x29ee test_ring_perf.o
 *fill*         0x000000000041db3e        0x2 
 .text          0x000000000041db40     0x2507 test_pmd_perf.o
                0x000000000041fd50                test_set_rxtx_conf
                0x000000000041fec0                test_set_rxtx_anchor
                0x000000000041ff90                test_set_rxtx_sc
 *fill*         0x0000000000420047        0x9 
 .text          0x0000000000420050      0x357 test_table.o
                0x00000000004203a0                pipeline_test_hash
 *fill*         0x00000000004203a7        0x9 
 .text          0x00000000004203b0     0x1ab3 test_table_pipeline.o
                0x00000000004203b0                table_action_stub_miss
                0x0000000000421b30                table_action_0x00
                0x0000000000421b50                table_action_stub_hit
                0x0000000000421ba0                test_table_pipeline
 *fill*         0x0000000000421e63        0xd 
 .text          0x0000000000421e70     0x515d test_table_tables.o
                0x0000000000422690                test_table_stub
                0x0000000000422f90                test_table_array
                0x0000000000424640                test_table_hash_lru
                0x00000000004249a0                test_table_lpm_ipv6
                0x0000000000426280                test_table_hash_ext
                0x00000000004262d0                test_table_lpm
 *fill*         0x0000000000426fcd        0x3 
 .text          0x0000000000426fd0     0x2a97 test_table_ports.o
                0x0000000000428f40                test_port_ring_writer
                0x0000000000429a30                test_port_ring_reader
 *fill*         0x0000000000429a67        0x9 
 .text          0x0000000000429a70     0x45d3 test_table_combined.o
                0x000000000042d060                test_table_lpm_combined
                0x000000000042d1c0                test_table_lpm_ipv6_combined
                0x000000000042d390                test_table_hash8lru
                0x000000000042d520                test_table_hash16lru
                0x000000000042d6b0                test_table_hash32lru
                0x000000000042d8a0                test_table_hash8ext
                0x000000000042dac0                test_table_hash16ext
                0x000000000042dce0                test_table_hash32ext
                0x000000000042df10                test_table_stub_combined
 *fill*         0x000000000042e043        0xd 
 .text          0x000000000042e050     0x2544 test_table_acl.o
                0x0000000000430570                test_table_acl
 *fill*         0x0000000000430594        0xc 
 .text          0x00000000004305a0      0x384 test_rwlock.o
 *fill*         0x0000000000430924        0xc 
 .text          0x0000000000430930      0xf1a test_timer.o
 *fill*         0x000000000043184a        0x6 
 .text          0x0000000000431850      0x740 test_timer_perf.o
 .text          0x0000000000431f90      0x591 test_timer_racecond.o
 *fill*         0x0000000000432521        0xf 
 .text          0x0000000000432530     0x2ff4 test_mempool.o
 *fill*         0x0000000000435524        0xc 
 .text          0x0000000000435530     0x192c test_mempool_perf.o
 *fill*         0x0000000000436e5c        0x4 
 .text          0x0000000000436e60     0x6b29 test_mbuf.o
 *fill*         0x000000000043d989        0x7 
 .text          0x000000000043d990      0x122 test_logs.o
 *fill*         0x000000000043dab2        0xe 
 .text          0x000000000043dac0     0x1b46 test_memcpy.o
 *fill*         0x000000000043f606        0xa 
 .text          0x000000000043f610    0x3f2e7 test_memcpy_perf.o
 *fill*         0x000000000047e8f7        0x9 
 .text          0x000000000047e900     0x3629 test_hash.o
 *fill*         0x0000000000481f29        0x7 
 .text          0x0000000000481f30      0x725 test_thash.o
 *fill*         0x0000000000482655        0xb 
 .text          0x0000000000482660     0x18fd test_hash_perf.o
 *fill*         0x0000000000483f5d        0x3 
 .text          0x0000000000483f60     0x109e test_hash_functions.o
 *fill*         0x0000000000484ffe        0x2 
 .text          0x0000000000485000      0xc8f test_hash_scaling.o
 *fill*         0x0000000000485c8f        0x1 
 .text          0x0000000000485c90     0x3775 test_lpm.o
 *fill*         0x0000000000489405        0xb 
 .text          0x0000000000489410     0x37f5 test_lpm6.o
 *fill*         0x000000000048cc05        0xb 
 .text          0x000000000048cc10      0x1c6 test_debug.o
 *fill*         0x000000000048cdd6        0xa 
 .text          0x000000000048cde0      0x281 test_errno.o
 *fill*         0x000000000048d061        0xf 
 .text          0x000000000048d070      0x317 test_tailq.o
 *fill*         0x000000000048d387        0x9 
 .text          0x000000000048d390      0x6e1 test_string_fns.o
 *fill*         0x000000000048da71        0xf 
 .text          0x000000000048da80      0x4fc test_cpuflags.o
 *fill*         0x000000000048df7c        0x4 
 .text          0x000000000048df80      0xc7d test_mp_secondary.o
                0x000000000048e870                test_mp_secondary
 *fill*         0x000000000048ebfd        0x3 
 .text          0x000000000048ec00     0xcc82 test_eal_flags.o
 *fill*         0x000000000049b882        0xe 
 .text          0x000000000049b890      0x571 test_eal_fs.o
 *fill*         0x000000000049be01        0xf 
 .text          0x000000000049be10      0x6b0 test_alarm.o
 .text          0x000000000049c4c0      0x918 test_interrupts.o
 *fill*         0x000000000049cdd8        0x8 
 .text          0x000000000049cde0       0x97 test_version.o
 *fill*         0x000000000049ce77        0x9 
 .text          0x000000000049ce80      0xeb3 test_func_reentrancy.o
 *fill*         0x000000000049dd33        0xd 
 .text          0x000000000049dd40      0x14a test_cmdline.o
 *fill*         0x000000000049de8a        0x6 
 .text          0x000000000049de90      0x9a1 test_cmdline_num.o
                0x000000000049de90                test_parse_num_invalid_param
                0x000000000049e060                test_parse_num_invalid_data
                0x000000000049e170                test_parse_num_valid
 *fill*         0x000000000049e831        0xf 
 .text          0x000000000049e840      0x3a1 test_cmdline_etheraddr.o
                0x000000000049e840                test_parse_etheraddr_invalid_param
                0x000000000049e970                test_parse_etheraddr_invalid_data
                0x000000000049ea20                test_parse_etheraddr_valid
 *fill*         0x000000000049ebe1        0xf 
 .text          0x000000000049ebf0      0x2a7 test_cmdline_portlist.o
                0x000000000049ebf0                test_parse_portlist_invalid_param
                0x000000000049ecf0                test_parse_portlist_invalid_data
                0x000000000049ed80                test_parse_portlist_valid
 *fill*         0x000000000049ee97        0x9 
 .text          0x000000000049eea0      0xf73 test_cmdline_ipaddr.o
                0x000000000049eea0                test_parse_ipaddr_valid
                0x000000000049fa80                test_parse_ipaddr_invalid_data
                0x000000000049fcf0                test_parse_ipaddr_invalid_param
 *fill*         0x000000000049fe13        0xd 
 .text          0x000000000049fe20     0x1724 test_cmdline_cirbuf.o
                0x000000000049fe20                test_cirbuf_invalid_param
                0x00000000004a0020                test_cirbuf_char
                0x00000000004a04e0                test_cirbuf_string
                0x00000000004a0e60                test_cirbuf_align
 *fill*         0x00000000004a1544        0xc 
 .text          0x00000000004a1550      0x713 test_cmdline_string.o
                0x00000000004a1550                test_parse_string_invalid_param
                0x00000000004a16f0                test_parse_string_invalid_data
                0x00000000004a1990                test_parse_string_valid
 *fill*         0x00000000004a1c63        0xd 
 .text          0x00000000004a1c70      0x5c8 test_cmdline_lib.o
                0x00000000004a2100                test_cmdline_lib
 *fill*         0x00000000004a2238        0x8 
 .text          0x00000000004a2240     0x3759 test_red.o
 *fill*         0x00000000004a5999        0x7 
 .text          0x00000000004a59a0      0x7df test_sched.o
 *fill*         0x00000000004a617f        0x1 
 .text          0x00000000004a6180     0x2277 test_meter.o
 *fill*         0x00000000004a83f7        0x9 
 .text          0x00000000004a8400     0x18da test_kni.o
 *fill*         0x00000000004a9cda        0x6 
 .text          0x00000000004a9ce0      0x156 test_power.o
 *fill*         0x00000000004a9e36        0xa 
 .text          0x00000000004a9e40      0x8bf test_power_acpi_cpufreq.o
 *fill*         0x00000000004aa6ff        0x1 
 .text          0x00000000004aa700      0x607 test_power_kvm_vm.o
 *fill*         0x00000000004aad07        0x9 
 .text          0x00000000004aad10      0x259 test_common.o
 *fill*         0x00000000004aaf69        0x7 
 .text          0x00000000004aaf70     0x5bf5 test_distributor.o
 *fill*         0x00000000004b0b65        0xb 
 .text          0x00000000004b0b70     0x22f7 test_distributor_perf.o
 *fill*         0x00000000004b2e67        0x9 
 .text          0x00000000004b2e70     0x2734 test_reorder.o
 *fill*         0x00000000004b55a4        0xc 
 .text          0x00000000004b55b0      0x366 test_devargs.o
 *fill*         0x00000000004b5916        0xa 
 .text          0x00000000004b5920     0x370e virtual_pmd.o
                0x00000000004b81f0                virtual_ethdev_start_fn_set_success
                0x00000000004b8230                virtual_ethdev_configure_fn_set_success
                0x00000000004b8270                virtual_ethdev_rx_queue_setup_fn_set_success
                0x00000000004b82b0                virtual_ethdev_tx_queue_setup_fn_set_success
                0x00000000004b82f0                virtual_ethdev_link_update_fn_set_success
                0x00000000004b8330                virtual_ethdev_rx_burst_fn_set_success
                0x00000000004b8360                virtual_ethdev_tx_burst_fn_set_success
                0x00000000004b83a0                virtual_ethdev_tx_burst_fn_set_tx_pkt_fail_count
                0x00000000004b83d0                virtual_ethdev_set_link_status
                0x00000000004b8400                virtual_ethdev_simulate_link_status_interrupt
                0x00000000004b8430                virtual_ethdev_add_mbufs_to_rx_queue
                0x00000000004b8830                virtual_ethdev_get_mbufs_from_tx_queue
                0x00000000004b8be0                virtual_ethdev_create
 *fill*         0x00000000004b902e        0x2 
 .text          0x00000000004b9030     0x6024 packet_burst_generator.o
                0x00000000004bdd30                initialize_eth_header
                0x00000000004bdd70                initialize_arp_header
                0x00000000004bddc0                initialize_udp_header
                0x00000000004bddf0                initialize_ipv6_header
                0x00000000004bde30                initialize_ipv4_header
                0x00000000004bdeb0                generate_packet_burst
 *fill*         0x00000000004bf054        0xc 
 .text          0x00000000004bf060     0x2b80 test_acl.o
 .text          0x00000000004c1be0     0xfdcd test_link_bonding.o
 *fill*         0x00000000004d19ad        0x3 
 .text          0x00000000004d19b0     0x5dca test_link_bonding_mode4.o
 *fill*         0x00000000004d777a        0x6 
 .text          0x00000000004d7780     0x26d8 test_link_bonding_rssconf.o
 *fill*         0x00000000004d9e58        0x8 
 .text          0x00000000004d9e60     0x198c test_pmd_ring.o
 *fill*         0x00000000004db7ec        0x4 
 .text          0x00000000004db7f0      0xede test_pmd_ring_perf.o
 *fill*         0x00000000004dc6ce        0x2 
 .text          0x00000000004dc6d0     0x477d test_cryptodev_perf.o
 *fill*         0x00000000004e0e4d        0x3 
 .text          0x00000000004e0e50     0x7450 test_cryptodev.o
 .text          0x00000000004e82a0      0x4bd test_kvargs.o
 *fill*         0x00000000004e875d        0x3 
 .text          0x00000000004e8760       0x72 /usr/lib/x86_64-linux-gnu/libc_nonshared.a(elf-init.oS)
                0x00000000004e8760                __libc_csu_init
                0x00000000004e87d0                __libc_csu_fini
 .text          0x00000000004e87d2        0x0 /usr/lib/gcc/x86_64-linux-gnu/4.9/crtend.o
 .text          0x00000000004e87d2        0x0 /usr/lib/gcc/x86_64-linux-gnu/4.9/../../../x86_64-linux-gnu/crtn.o
 *(.gnu.warning)

.fini           0x00000000004e87d4        0x9
 *(SORT(.fini))
 .fini          0x00000000004e87d4        0x4 /usr/lib/gcc/x86_64-linux-gnu/4.9/../../../x86_64-linux-gnu/crti.o
                0x00000000004e87d4                _fini
 .fini          0x00000000004e87d8        0x5 /usr/lib/gcc/x86_64-linux-gnu/4.9/../../../x86_64-linux-gnu/crtn.o
                0x00000000004e87dd                PROVIDE (__etext, .)
                0x00000000004e87dd                PROVIDE (_etext, .)
                0x00000000004e87dd                PROVIDE (etext, .)

.rodata         0x00000000004e8800   0x867e20
 *(.rodata .rodata.* .gnu.linkonce.r.*)
 .rodata.cst4   0x00000000004e8800        0x4 /usr/lib/gcc/x86_64-linux-gnu/4.9/../../../x86_64-linux-gnu/crt1.o
                0x00000000004e8800                _IO_stdin_used
 .rodata.str1.1
                0x00000000004e8804      0x197 commands.o
                                        0x1a5 (size before relaxing)
 *fill*         0x00000000004e899b        0x5 
 .rodata.str1.8
                0x00000000004e89a0      0x1a1 commands.o
 .rodata.str1.1
                0x00000000004e8b41      0x1e9 test.o
                                        0x1f7 (size before relaxing)
 *fill*         0x00000000004e8d2a        0x6 
 .rodata.str1.8
                0x00000000004e8d30       0x9d test.o
 .rodata.str1.1
                0x00000000004e8dcd       0xdb test_pci.o
 .rodata.str1.8
                0x00000000004e8ea8       0x48 test_pci.o
 .rodata.str1.1
                0x00000000004e8ef0       0x12 test_prefetch.o
 .rodata.str1.1
                0x00000000004e8f02       0x35 test_byteorder.o
                                         0x4b (size before relaxing)
 *fill*         0x00000000004e8f37        0x1 
 .rodata.str1.8
                0x00000000004e8f38       0xaa test_per_lcore.o
 .rodata.str1.1
                0x00000000004e8fe2       0x2c test_per_lcore.o
 *fill*         0x00000000004e900e        0x2 
 .rodata.str1.8
                0x00000000004e9010       0x9f test_atomic.o
 .rodata.str1.1
                0x00000000004e90af       0x9d test_atomic.o
 .rodata.str1.1
                0x00000000004e914c      0x218 test_malloc.o
                                        0x224 (size before relaxing)
 *fill*         0x00000000004e9364        0x4 
 .rodata.str1.8
                0x00000000004e9368      0x5d5 test_malloc.o
 *fill*         0x00000000004e993d        0x3 
 .rodata        0x00000000004e9940       0x39 test_malloc.o
 .rodata.str1.1
                0x00000000004e9979       0x10 test_cycles.o
                                         0x16 (size before relaxing)
 *fill*         0x00000000004e9989        0x7 
 .rodata.str1.8
                0x00000000004e9990       0x9c test_cycles.o
 *fill*         0x00000000004e9a2c        0x4 
 .rodata        0x00000000004e9a30       0x31 test_cycles.o
 .rodata.str1.1
                0x00000000004e9a61       0x84 test_spinlock.o
                                         0x8a (size before relaxing)
 *fill*         0x00000000004e9ae5        0x3 
 .rodata.str1.8
                0x00000000004e9ae8      0x227 test_spinlock.o
                                        0x24f (size before relaxing)
 *fill*         0x00000000004e9d0f        0x1 
 .rodata        0x00000000004e9d10       0x31 test_spinlock.o
 .rodata.str1.1
                0x00000000004e9d41       0x36 test_memory.o
 .rodata.str1.1
                0x00000000004e9d77      0x42f test_memzone.o
                                        0x44d (size before relaxing)
 *fill*         0x00000000004ea1a6        0x2 
 .rodata.str1.8
                0x00000000004ea1a8      0x631 test_memzone.o
 *fill*         0x00000000004ea7d9        0x7 
 .rodata        0x00000000004ea7e0       0x35 test_memzone.o
 .rodata.str1.1
                0x00000000004ea815      0x20d test_ring.o
                                        0x226 (size before relaxing)
 *fill*         0x00000000004eaa22        0x6 
 .rodata.str1.8
                0x00000000004eaa28      0x85c test_ring.o
                                        0x884 (size before relaxing)
 *fill*         0x00000000004eb284        0xc 
 .rodata        0x00000000004eb290       0x5b test_ring.o
 *fill*         0x00000000004eb2eb        0x5 
 .rodata.cst16  0x00000000004eb2f0       0x20 test_ring.o
 .rodata.str1.8
                0x00000000004eb310      0x1fe test_ring_perf.o
 .rodata.str1.1
                0x00000000004eb50e       0x4d test_ring_perf.o
 *fill*         0x00000000004eb55b        0x5 
 .rodata.cst8   0x00000000004eb560        0x8 test_ring_perf.o
 .rodata.str1.8
                0x00000000004eb568      0x3f0 test_pmd_perf.o
 .rodata.str1.1
                0x00000000004eb958      0x203 test_pmd_perf.o
                                        0x21a (size before relaxing)
 .rodata.str1.1
                0x00000000004ebb5b       0x86 test_table.o
                                         0x94 (size before relaxing)
 *fill*         0x00000000004ebbe1        0x7 
 .rodata.str1.8
                0x00000000004ebbe8      0x15e test_table.o
 *fill*         0x00000000004ebd46        0xa 
 .rodata        0x00000000004ebd50       0x23 test_table.o
 *fill*         0x00000000004ebd73        0x5 
 .rodata.str1.8
                0x00000000004ebd78      0x58d test_table_pipeline.o
 .rodata.str1.1
                0x00000000004ec305       0x2a test_table_pipeline.o
                                         0x30 (size before relaxing)
 *fill*         0x00000000004ec32f        0x1 
 .rodata        0x00000000004ec330       0x64 test_table_pipeline.o
 .rodata.str1.1
                0x00000000004ec394       0x5a test_table_tables.o
 *fill*         0x00000000004ec3ee        0x2 
 .rodata.str1.8
                0x00000000004ec3f0       0xde test_table_tables.o
 *fill*         0x00000000004ec4ce        0x2 
 .rodata        0x00000000004ec4d0       0x10 test_table_tables.o
 .rodata.cst16  0x00000000004ec4e0       0x10 test_table_tables.o
 .rodata.str1.1
                0x00000000004ec4f0       0x52 test_table_combined.o
                                         0x65 (size before relaxing)
 *fill*         0x00000000004ec542        0xe 
 .rodata        0x00000000004ec550      0x119 test_table_combined.o
 *fill*         0x00000000004ec669        0x7 
 .rodata.cst16  0x00000000004ec670       0xc0 test_table_combined.o
                                         0xd0 (size before relaxing)
 *fill*         0x00000000004ec730       0x10 
 .rodata.cst32  0x00000000004ec740       0x40 test_table_combined.o
 .rodata.str1.8
                0x00000000004ec780      0x25b test_table_acl.o
                                        0x40f (size before relaxing)
 .rodata.str1.1
                0x00000000004ec9db       0x84 test_table_acl.o
                                         0x96 (size before relaxing)
 *fill*         0x00000000004eca5f        0x1 
 .rodata        0x00000000004eca60       0x33 test_table_acl.o
 *fill*         0x00000000004eca93        0x5 
 .rodata.str1.8
                0x00000000004eca98       0xa3 test_rwlock.o
 .rodata.str1.1
                0x00000000004ecb3b       0x10 test_rwlock.o
                                         0x26 (size before relaxing)
 .rodata.str1.1
                0x00000000004ecb4b       0x48 test_timer.o
                                         0x62 (size before relaxing)
 *fill*         0x00000000004ecb93        0x5 
 .rodata.str1.8
                0x00000000004ecb98      0x15f test_timer.o
                                        0x187 (size before relaxing)
 *fill*         0x00000000004eccf7        0x9 
 .rodata        0x00000000004ecd00       0x35 test_timer.o
 .rodata.str1.1
                0x00000000004ecd35       0x73 test_timer_perf.o
                                         0x79 (size before relaxing)
 .rodata.str1.8
                0x00000000004ecda8      0x113 test_timer_perf.o
                                        0x13b (size before relaxing)
 *fill*         0x00000000004ecebb        0x5 
 .rodata        0x00000000004ecec0       0x31 test_timer_perf.o
 .rodata.str1.1
                0x00000000004ecef1       0x18 test_timer_racecond.o
                                         0x1e (size before relaxing)
 *fill*         0x00000000004ecf09        0x7 
 .rodata.str1.8
                0x00000000004ecf10      0x11d test_timer_racecond.o
                                        0x145 (size before relaxing)
 *fill*         0x00000000004ed02d        0x3 
 .rodata        0x00000000004ed030       0x54 test_timer_racecond.o
 .rodata.str1.1
                0x00000000004ed084       0xea test_mempool.o
                                        0x108 (size before relaxing)
 *fill*         0x00000000004ed16e        0x2 
 .rodata.str1.8
                0x00000000004ed170      0x2af test_mempool.o
                                        0x2d7 (size before relaxing)
 *fill*         0x00000000004ed41f        0x1 
 .rodata        0x00000000004ed420       0x51 test_mempool.o
 .rodata.str1.1
                0x00000000004ed471       0x77 test_mempool_perf.o
                                         0x7d (size before relaxing)
 .rodata.str1.8
                0x00000000004ed4e8       0x9c test_mempool_perf.o
                                         0xc4 (size before relaxing)
 *fill*         0x00000000004ed584        0xc 
 .rodata        0x00000000004ed590       0x31 test_mempool_perf.o
 *fill*         0x00000000004ed5c1        0xf 
 .rodata.cst16  0x00000000004ed5d0       0x10 test_mempool_perf.o
 .rodata.str1.1
                0x00000000004ed5e0      0x1f4 test_mbuf.o
                                        0x1fa (size before relaxing)
 *fill*         0x00000000004ed7d4        0x4 
 .rodata.str1.8
                0x00000000004ed7d8      0xc55 test_mbuf.o
 *fill*         0x00000000004ee42d       0x13 
 .rodata        0x00000000004ee440       0xc0 test_mbuf.o
 .rodata.str1.8
                0x00000000004ee500      0x10b test_logs.o
 .rodata.str1.1
                0x00000000004ee60b        0xe test_logs.o
 *fill*         0x00000000004ee619        0x7 
 .rodata.str1.8
                0x00000000004ee620       0xee test_memcpy.o
 *fill*         0x00000000004ee70e       0x32 
 .rodata        0x00000000004ee740      0x170 test_memcpy.o
 .rodata.str1.1
                0x00000000004ee8b0       0x10 test_memcpy.o
 .rodata        0x00000000004ee8c0      0xa38 test_memcpy_perf.o
 .rodata.str1.1
                0x00000000004ef2f8       0x4e test_memcpy_perf.o
 *fill*         0x00000000004ef346        0x2 
 .rodata.str1.8
                0x00000000004ef348      0x22e test_memcpy_perf.o
                                        0x276 (size before relaxing)
 *fill*         0x00000000004ef576        0x2 
 .rodata.cst8   0x00000000004ef578        0x8 test_memcpy_perf.o
 .rodata.cst32  0x00000000004ef580       0x40 test_memcpy_perf.o
 .rodata.str1.1
                0x00000000004ef5c0      0x152 test_hash.o
                                        0x19c (size before relaxing)
 *fill*         0x00000000004ef712        0x6 
 .rodata.str1.8
                0x00000000004ef718      0xed5 test_hash.o
 *fill*         0x00000000004f05ed       0x13 
 .rodata        0x00000000004f0600     0x2180 test_hash.o
 .rodata.cst8   0x00000000004f2780       0x10 test_hash.o
 .rodata.str1.1
                0x00000000004f2790        0xf test_thash.o
 *fill*         0x00000000004f279f        0x1 
 .rodata.cst16  0x00000000004f27a0       0x10 test_thash.o
 .rodata.str1.8
                0x00000000004f27b0      0x212 test_hash_perf.o
                                        0x23a (size before relaxing)
 .rodata.str1.1
                0x00000000004f29c2      0x11f test_hash_perf.o
                                        0x12d (size before relaxing)
 *fill*         0x00000000004f2ae1       0x1f 
 .rodata        0x00000000004f2b00     0x1ac0 test_hash_perf.o
 .rodata.cst8   0x00000000004f45c0       0x18 test_hash_perf.o
 *fill*         0x00000000004f45d8       0x28 
 .rodata        0x00000000004f4600     0x3cc0 test_hash_functions.o
 .rodata.str1.1
                0x00000000004f82c0       0x53 test_hash_functions.o
 *fill*         0x00000000004f8313        0x5 
 .rodata.str1.8
                0x00000000004f8318      0x173 test_hash_functions.o
 *fill*         0x00000000004f848b        0x5 
 .rodata.cst16  0x00000000004f8490       0x40 test_hash_functions.o
 .rodata.cst8   0x0000000000000000        0x8 test_hash_functions.o
 .rodata.str1.1
                0x00000000004f84d0       0x53 test_hash_scaling.o
 *fill*         0x00000000004f8523        0x5 
 .rodata.str1.8
                0x00000000004f8528       0xf2 test_hash_scaling.o
                                        0x11a (size before relaxing)
 *fill*         0x00000000004f861a       0x26 
 .rodata        0x00000000004f8640     0x3a80 test_hash_scaling.o
 .rodata.str1.1
                0x00000000004fc0c0       0xfe test_lpm.o
 *fill*         0x00000000004fc1be        0x2 
 .rodata.str1.8
                0x00000000004fc1c0      0x19f test_lpm.o
 *fill*         0x00000000004fc35f       0x21 
 .rodata        0x00000000004fc380   0x8372b0 test_lpm.o
 .rodata.cst16  0x0000000000d33630       0x50 test_lpm.o
 .rodata.cst8   0x0000000000d33680       0x18 test_lpm.o
                                         0x20 (size before relaxing)
 .rodata.str1.1
                0x0000000000d33698       0x22 test_lpm6.o
                                        0x10a (size before relaxing)
 .rodata.str1.8
                0x0000000000000000       0xaf test_lpm6.o
 .rodata        0x0000000000d336ba       0xb7 test_lpm6.o
 *fill*         0x0000000000d33771        0xf 
 .rodata.cst16  0x0000000000d33780       0xd0 test_lpm6.o
 .rodata.cst8   0x0000000000d33850       0x10 test_lpm6.o
                                         0x18 (size before relaxing)
 .rodata.str1.1
                0x0000000000d33860       0x44 test_debug.o
                                         0x56 (size before relaxing)
 *fill*         0x0000000000d338a4        0x4 
 .rodata.str1.8
                0x0000000000d338a8      0x10c test_debug.o
 .rodata        0x0000000000d339b4       0x23 test_debug.o
 *fill*         0x0000000000d339d7        0x1 
 .rodata.str1.8
                0x0000000000d339d8       0x70 test_errno.o
 .rodata.str1.1
                0x0000000000d33a48        0xf test_errno.o
 .rodata.str1.1
                0x0000000000d33a57       0x5a test_tailq.o
                                         0x60 (size before relaxing)
 *fill*         0x0000000000d33ab1        0x7 
 .rodata.str1.8
                0x0000000000d33ab8      0x131 test_tailq.o
 *fill*         0x0000000000d33be9        0x7 
 .rodata        0x0000000000d33bf0       0x7c test_tailq.o
 .rodata.str1.1
                0x0000000000d33c6c       0xbb test_string_fns.o
 *fill*         0x0000000000d33d27        0x1 
 .rodata.str1.8
                0x0000000000d33d28      0x183 test_string_fns.o
 *fill*         0x0000000000d33eab        0x5 
 .rodata        0x0000000000d33eb0       0x12 test_string_fns.o
 .rodata.str1.1
                0x0000000000d33ec2      0x11d test_cpuflags.o
                                        0x126 (size before relaxing)
 *fill*         0x0000000000d33fdf        0x1 
 .rodata.str1.8
                0x0000000000d33fe0       0x30 test_cpuflags.o
 .rodata.str1.1
                0x0000000000d34010      0x188 test_mp_secondary.o
                                        0x1a7 (size before relaxing)
 .rodata.str1.8
                0x0000000000d34198      0x2d0 test_mp_secondary.o
 *fill*         0x0000000000d34468       0x18 
 .rodata        0x0000000000d34480     0x1a80 test_mp_secondary.o
 .rodata.str1.1
                0x0000000000d35f00      0x4d1 test_eal_flags.o
                                        0x5e5 (size before relaxing)
 *fill*         0x0000000000d363d1        0x7 
 .rodata.str1.8
                0x0000000000d363d8     0x1102 test_eal_flags.o
                                       0x112a (size before relaxing)
 *fill*         0x0000000000d374da        0x6 
 .rodata        0x0000000000d374e0      0x174 test_eal_flags.o
 *fill*         0x0000000000d37654        0x4 
 .rodata.str1.8
                0x0000000000d37658      0x1c2 test_eal_fs.o
 .rodata.str1.1
                0x0000000000d3781a       0xc8 test_eal_fs.o
                                         0xe9 (size before relaxing)
 *fill*         0x0000000000d378e2        0x6 
 .rodata.str1.8
                0x0000000000d378e8      0x4b9 test_alarm.o
 .rodata.str1.1
                0x0000000000d37da1       0x62 test_alarm.o
 *fill*         0x0000000000d37e03        0xd 
 .rodata        0x0000000000d37e10       0x28 test_alarm.o
 .rodata.str1.1
                0x0000000000d37e38       0x7e test_interrupts.o
                                         0x80 (size before relaxing)
 *fill*         0x0000000000d37eb6        0x2 
 .rodata.str1.8
                0x0000000000d37eb8      0x684 test_interrupts.o
 *fill*         0x0000000000d3853c        0x4 
 .rodata        0x0000000000d38540       0x3a test_interrupts.o
 .rodata.str1.1
                0x0000000000d3857a       0x37 test_version.o
 .rodata.str1.1
                0x0000000000d385b1       0x8b test_func_reentrancy.o
 *fill*         0x0000000000d3863c        0x4 
 .rodata        0x0000000000d38640     0x1a80 test_func_reentrancy.o
 .rodata.str1.8
                0x0000000000d3a0c0       0x2d test_func_reentrancy.o
 *fill*         0x0000000000d3a0ed        0x3 
 .rodata.str1.8
                0x0000000000d3a0f0       0x48 test_cmdline.o
 .rodata.str1.1
                0x0000000000d3a138       0x9d test_cmdline.o
 *fill*         0x0000000000d3a1d5        0x3 
 .rodata.str1.8
                0x0000000000d3a1d8      0x68b test_cmdline_num.o
 *fill*         0x0000000000d3a863        0x5 
 .rodata        0x0000000000d3a868      0x120 test_cmdline_num.o
 .rodata.str1.1
                0x0000000000d3a988      0x551 test_cmdline_num.o
                                        0x5ae (size before relaxing)
 *fill*         0x0000000000d3aed9        0x7 
 .rodata.str1.8
                0x0000000000d3aee0       0x2d test_cmdline_etheraddr.o
                                         0xdd (size before relaxing)
 .rodata.str1.1
                0x0000000000d3af0d      0x250 test_cmdline_etheraddr.o
                                        0x253 (size before relaxing)
 .rodata        0x0000000000d3b15d       0x2f test_cmdline_etheraddr.o
 *fill*         0x0000000000d3b18c        0x4 
 .rodata.str1.8
                0x0000000000d3b190       0xb2 test_cmdline_portlist.o
                                        0x162 (size before relaxing)
 .rodata.str1.1
                0x0000000000d3b242      0x165 test_cmdline_portlist.o
                                        0x1b7 (size before relaxing)
 .rodata        0x0000000000d3b3a7       0x2e test_cmdline_portlist.o
 *fill*         0x0000000000d3b3d5        0x3 
 .rodata.str1.8
                0x0000000000d3b3d8      0x1e8 test_cmdline_ipaddr.o
                                        0x238 (size before relaxing)
 .rodata.str1.1
                0x0000000000d3b5c0      0x610 test_cmdline_ipaddr.o
                                        0x68b (size before relaxing)
 .rodata        0x0000000000d3bbd0       0x56 test_cmdline_ipaddr.o
 *fill*         0x0000000000d3bc26        0x2 
 .rodata.str1.8
                0x0000000000d3bc28      0x528 test_cmdline_cirbuf.o
 .rodata.str1.1
                0x0000000000d3c150       0x91 test_cmdline_cirbuf.o
 .rodata        0x0000000000d3c1e1        0xb test_cmdline_cirbuf.o
 *fill*         0x0000000000d3c1ec        0x4 
 .rodata.str1.8
                0x0000000000d3c1f0      0x2df test_cmdline_string.o
                                        0x307 (size before relaxing)
 .rodata.str1.1
                0x0000000000d3c4cf      0x193 test_cmdline_string.o
                                        0x1a6 (size before relaxing)
 .rodata        0x0000000000d3c662        0xe test_cmdline_string.o
 .rodata.str1.1
                0x0000000000d3c670       0x3e test_cmdline_lib.o
                                         0x52 (size before relaxing)
 *fill*         0x0000000000d3c6ae        0x2 
 .rodata.str1.8
                0x0000000000d3c6b0       0x95 test_cmdline_lib.o
 .rodata.str1.1
                0x0000000000d3c745      0x1de test_red.o
                                        0x1e9 (size before relaxing)
 *fill*         0x0000000000d3c923        0x5 
 .rodata.str1.8
                0x0000000000d3c928     0x137b test_red.o
 .rodata        0x0000000000d3dca3       0x16 test_red.o
 *fill*         0x0000000000d3dcb9        0x7 
 .rodata.cst8   0x0000000000d3dcc0       0x28 test_red.o
                                         0x38 (size before relaxing)
 *fill*         0x0000000000d3dce8        0x8 
 .rodata.cst16  0x0000000000d3dcf0       0x10 test_red.o
 .rodata.str1.1
                0x0000000000d3dd00       0x1a test_sched.o
 *fill*         0x0000000000d3dd1a        0x6 
 .rodata.str1.8
                0x0000000000d3dd20      0x2a9 test_sched.o
 .rodata        0x0000000000d3dfc9        0xb test_sched.o
 .rodata.str1.1
                0x0000000000d3dfd4      0x154 test_meter.o
                                        0x15d (size before relaxing)
 .rodata.str1.1
                0x0000000000d3e128      0x161 test_kni.o
 *fill*         0x0000000000d3e289        0x7 
 .rodata.str1.8
                0x0000000000d3e290      0x4df test_kni.o
 *fill*         0x0000000000d3e76f       0x11 
 .rodata        0x0000000000d3e780      0xb88 test_kni.o
 .rodata.str1.8
                0x0000000000d3f308      0x278 test_power.o
 .rodata.str1.1
                0x0000000000d3f580        0xf test_power.o
 *fill*         0x0000000000d3f58f        0x1 
 .rodata.str1.8
                0x0000000000d3f590      0x944 test_power_acpi_cpufreq.o
 .rodata.str1.1
                0x0000000000d3fed4       0x1c test_power_acpi_cpufreq.o
                                         0x1e (size before relaxing)
 .rodata.str1.8
                0x0000000000d3fef0      0x651 test_power_kvm_vm.o
                                        0x881 (size before relaxing)
 .rodata.str1.1
                0x0000000000d40541       0x16 test_power_kvm_vm.o
 *fill*         0x0000000000d40557        0x1 
 .rodata.str1.8
                0x0000000000d40558       0xc9 test_common.o
 .rodata.str1.1
                0x0000000000d40621       0x2e test_common.o
                                         0x33 (size before relaxing)
 *fill*         0x0000000000d4064f        0x1 
 .rodata.str1.8
                0x0000000000d40650      0x3f4 test_distributor.o
 .rodata.str1.1
                0x0000000000d40a44       0x93 test_distributor.o
 *fill*         0x0000000000d40ad7        0x1 
 .rodata.str1.8
                0x0000000000d40ad8       0x70 test_distributor_perf.o
                                         0xa0 (size before relaxing)
 .rodata.str1.1
                0x0000000000d40b48       0xc9 test_distributor_perf.o
                                        0x119 (size before relaxing)
 .rodata.str1.1
                0x0000000000d40c11      0x1ac test_reorder.o
 *fill*         0x0000000000d40dbd        0x3 
 .rodata.str1.8
                0x0000000000d40dc0      0x5fa test_reorder.o
 *fill*         0x0000000000d413ba        0x6 
 .rodata        0x0000000000d413c0       0xc3 test_reorder.o
 .rodata.str1.1
                0x0000000000d41483       0x99 test_devargs.o
                                         0xb9 (size before relaxing)
 .rodata.str1.1
                0x0000000000d4151c       0x1a virtual_pmd.o
 *fill*         0x0000000000d41536        0x2 
 .rodata        0x0000000000d41538       0x40 virtual_pmd.o
 .rodata        0x0000000000d41578       0xc0 packet_burst_generator.o
 .rodata.str1.8
                0x0000000000d41638      0x950 test_acl.o
 .rodata.str1.1
                0x0000000000d41f88       0x99 test_acl.o
                                         0xa1 (size before relaxing)
 *fill*         0x0000000000d42021       0x1f 
 .rodata        0x0000000000d42040      0x1f4 test_acl.o
                0x0000000000d42220                ipv4_7tuple_layout
 *fill*         0x0000000000d42234        0x4 
 .rodata.str1.8
                0x0000000000d42238     0x51a0 test_link_bonding.o
 .rodata.str1.1
                0x0000000000d473d8      0x1b7 test_link_bonding.o
                                        0x1c1 (size before relaxing)
 *fill*         0x0000000000d4758f       0x11 
 .rodata        0x0000000000d475a0      0xbe0 test_link_bonding.o
 .rodata.cst16  0x0000000000000000       0x10 test_link_bonding.o
 .rodata.str1.1
                0x0000000000d48180      0x1fa test_link_bonding_mode4.o
                                        0x203 (size before relaxing)
 *fill*         0x0000000000d4837a        0x6 
 .rodata.str1.8
                0x0000000000d48380     0x1414 test_link_bonding_mode4.o
                                       0x1544 (size before relaxing)
 *fill*         0x0000000000d49794        0xc 
 .rodata        0x0000000000d497a0      0x1db test_link_bonding_mode4.o
 *fill*         0x0000000000d4997b        0x5 
 .rodata.str1.8
                0x0000000000d49980      0x6c6 test_link_bonding_rssconf.o
                                        0x8a6 (size before relaxing)
 .rodata.str1.1
                0x0000000000d4a046       0xc4 test_link_bonding_rssconf.o
 *fill*         0x0000000000d4a10a       0x16 
 .rodata        0x0000000000d4a120      0x11f test_link_bonding_rssconf.o
 .rodata.str1.1
                0x0000000000d4a23f      0x150 test_pmd_ring.o
                                        0x15a (size before relaxing)
 *fill*         0x0000000000d4a38f        0x1 
 .rodata.str1.8
                0x0000000000d4a390      0x383 test_pmd_ring.o
 .rodata.str1.1
                0x0000000000d4a713       0x4f test_pmd_ring_perf.o
                                         0x59 (size before relaxing)
 *fill*         0x0000000000d4a762        0x6 
 .rodata.str1.8
                0x0000000000d4a768       0xbd test_pmd_ring_perf.o
                                        0x105 (size before relaxing)
 .rodata.cst8   0x0000000000000000        0x8 test_pmd_ring_perf.o
 *fill*         0x0000000000d4a825        0x3 
 .rodata.str1.8
                0x0000000000d4a828      0x612 test_cryptodev_perf.o
 .rodata.str1.1
                0x0000000000d4ae3a       0xf5 test_cryptodev_perf.o
                                         0xfb (size before relaxing)
 *fill*         0x0000000000d4af2f       0x11 
 .rodata        0x0000000000d4af40     0x3687 test_cryptodev_perf.o
                0x0000000000d4d640                plaintext_quote
 *fill*         0x0000000000d4e5c7        0x1 
 .rodata.cst8   0x0000000000d4e5c8       0x10 test_cryptodev_perf.o
 .rodata.str1.8
                0x0000000000d4e5d8      0xe99 test_cryptodev.o
                                       0x10d1 (size before relaxing)
 .rodata.str1.1
                0x0000000000d4f471       0xd0 test_cryptodev.o
                                         0xe7 (size before relaxing)
 *fill*         0x0000000000d4f541       0x3f 
 .rodata        0x0000000000d4f580      0xdae test_cryptodev.o
                0x0000000000d4fbc0                catch_22_quote